patching file kernel/Kconfig
patching file kernel/core/init.c
patching file kernel/feature/kernel_umount.c
patching file kernel/feature/kernel_umount.h
patching file kernel/hook/setuid_hook.c
patching file kernel/selinux/rules.c
patching file kernel/selinux/selinux.c
patching file kernel/selinux/selinux.h
patching file kernel/supercall/dispatch.c
patching file kernel/supercall/supercall.c
==> Using system clang: Ubuntu clang version 18.1.3 (1ubuntu1)
make[1]: Entering directory '/home/runner/work/kernel_xiaomi_mt6785/kernel_xiaomi_mt6785/out-ksu'
  HOSTCC  scripts/basic/fixdep
  GEN     ./Makefile
  HOSTCC  scripts/kconfig/conf.o
  SHIPPED scripts/kconfig/zconf.tab.c
  SHIPPED scripts/kconfig/zconf.lex.c
  HOSTCC  scripts/kconfig/zconf.tab.o
  HOSTLD  scripts/kconfig/conf
#
# configuration written to .config
#
make[1]: Leaving directory '/home/runner/work/kernel_xiaomi_mt6785/kernel_xiaomi_mt6785/out-ksu'
make[1]: Entering directory '/home/runner/work/kernel_xiaomi_mt6785/kernel_xiaomi_mt6785/out-ksu'
  GEN     ./Makefile
scripts/kconfig/conf  --silentoldconfig Kconfig
  CHK     include/config/kernel.release
  UPD     include/config/kernel.release
  GEN     ./Makefile
  CHK     include/generated/uapi/linux/version.h
  UPD     include/generated/uapi/linux/version.h
  WRAP    arch/arm64/include/generated/uapi/asm/errno.h
  WRAP    arch/arm64/include/generated/uapi/asm/ioctl.h
  WRAP    arch/arm64/include/generated/uapi/asm/ioctls.h
  WRAP    arch/arm64/include/generated/uapi/asm/ipcbuf.h
  WRAP    arch/arm64/include/generated/uapi/asm/kvm_para.h
  WRAP    arch/arm64/include/generated/uapi/asm/mman.h
  WRAP    arch/arm64/include/generated/uapi/asm/msgbuf.h
  WRAP    arch/arm64/include/generated/uapi/asm/poll.h
  WRAP    arch/arm64/include/generated/uapi/asm/resource.h
  WRAP    arch/arm64/include/generated/uapi/asm/sembuf.h
  WRAP    arch/arm64/include/generated/uapi/asm/shmbuf.h
  WRAP    arch/arm64/include/generated/uapi/asm/sockios.h
  WRAP    arch/arm64/include/generated/uapi/asm/socket.h
  WRAP    arch/arm64/include/generated/uapi/asm/swab.h
  WRAP    arch/arm64/include/generated/uapi/asm/termios.h
  WRAP    arch/arm64/include/generated/uapi/asm/termbits.h
  WRAP    arch/arm64/include/generated/uapi/asm/types.h
  CHK     include/generated/utsrelease.h
  UPD     include/generated/utsrelease.h
rm -f dtboimg.cfg.tmp
  HOSTCC  scripts/basic/fixdep
echo /home/runner/work/kernel_xiaomi_mt6785/kernel_xiaomi_mt6785/out-ksu/arch/arm64/boot/dts/mediatek/begonia.dtbo >>dtboimg.cfg.tmp; echo " id=0" >>dtboimg.cfg.tmp; 
if ! cmp -s dtboimg.cfg.tmp dtboimg.cfg; then \
	mv dtboimg.cfg.tmp dtboimg.cfg; \
else \
	rm dtboimg.cfg.tmp; \
fi
  HOSTCC  scripts/basic/bin2c
  Using .. as source for kernel
  WRAP    arch/arm64/include/generated/asm/bugs.h
  WRAP    arch/arm64/include/generated/asm/clkdev.h
  WRAP    arch/arm64/include/generated/asm/delay.h
  WRAP    arch/arm64/include/generated/asm/div64.h
  WRAP    arch/arm64/include/generated/asm/dma.h
  WRAP    arch/arm64/include/generated/asm/dma-contiguous.h
  WRAP    arch/arm64/include/generated/asm/early_ioremap.h
  WRAP    arch/arm64/include/generated/asm/emergency-restart.h
  WRAP    arch/arm64/include/generated/asm/hw_irq.h
  WRAP    arch/arm64/include/generated/asm/irq_regs.h
  WRAP    arch/arm64/include/generated/asm/kdebug.h
  WRAP    arch/arm64/include/generated/asm/kmap_types.h
  WRAP    arch/arm64/include/generated/asm/local.h
  WRAP    arch/arm64/include/generated/asm/local64.h
  WRAP    arch/arm64/include/generated/asm/mcs_spinlock.h
  WRAP    arch/arm64/include/generated/asm/mm-arch-hooks.h
  WRAP    arch/arm64/include/generated/asm/msi.h
  WRAP    arch/arm64/include/generated/asm/preempt.h
  WRAP    arch/arm64/include/generated/asm/rwsem.h
  WRAP    arch/arm64/include/generated/asm/segment.h
  WRAP    arch/arm64/include/generated/asm/serial.h
  WRAP    arch/arm64/include/generated/asm/set_memory.h
  WRAP    arch/arm64/include/generated/asm/sizes.h
  WRAP    arch/arm64/include/generated/asm/switch_to.h
  WRAP    arch/arm64/include/generated/asm/trace_clock.h
  WRAP    arch/arm64/include/generated/asm/unaligned.h
  WRAP    arch/arm64/include/generated/asm/user.h
  WRAP    arch/arm64/include/generated/asm/vga.h
  LDS     scripts/module-lto.lds
  HOSTCC  scripts/dtc/dtc.o
  HOSTCC  scripts/dtc/flattree.o
  CC      scripts/mod/empty.o
  HOSTCC  scripts/mod/mk_elfconfig
  HOSTCC  scripts/dtc/fstree.o
  CC      scripts/mod/devicetable-offsets.s
  HOSTCC  scripts/dtc/data.o
  MKELF   scripts/mod/elfconfig.h
  CHK     scripts/mod/devicetable-offsets.h
  UPD     scripts/mod/devicetable-offsets.h
  HOSTCC  scripts/mod/sumversion.o
  HOSTCC  scripts/dtc/livetree.o
  HOSTCC  scripts/mod/modpost.o
  HOSTCC  scripts/dtc/treesource.o
  HOSTCC  scripts/dtc/srcpos.o
  HOSTCC  scripts/dtc/checks.o
  HOSTCC  scripts/mod/file2alias.o
  HOSTCC  scripts/dtc/util.o
  SHIPPED scripts/dtc/dtc-lexer.lex.c
  SHIPPED scripts/dtc/dtc-parser.tab.h
  SHIPPED scripts/dtc/dtc-parser.tab.c
  HOSTCC  scripts/dtc/dtc-lexer.lex.o
  HOSTCC  scripts/selinux/genheaders/genheaders
  HOSTLD  scripts/mod/modpost
  HOSTCC  scripts/kallsyms
  HOSTCC  scripts/selinux/mdp/mdp
  HOSTCC  scripts/pnmtologo
  HOSTCC  scripts/dtc/dtc-parser.tab.o
-- KernelSU-Next Git repo detected at: /home/runner/work/kernel_xiaomi_mt6785/kernel_xiaomi_mt6785/KernelSU
-- KernelSU-Next version: 30290
-- KernelSU-Next tag: 
-- KernelSU-Next Manager signature size: 0x3e6
-- KernelSU-Next Manager signature hash: 79e590113c4c4c0c222978e413a5faa801666957b1212a328e46c00c69821bf7
  HOSTLD  scripts/dtc/dtc
-- KernelSU-Next: Hook mode: Manual
  CC      kernel/bounds.s
  HOSTCC  scripts/sortextable
  CHK     include/generated/timeconst.h
  UPD     include/generated/timeconst.h
  HOSTCC  scripts/asn1_compiler
  CHK     include/generated/bounds.h
  UPD     include/generated/bounds.h
  CC      arch/arm64/kernel/asm-offsets.s
  HOSTCC  scripts/extract-cert
  GEN     security/selinux/flask.h security/selinux/av_permissions.h
  CHK     include/generated/asm-offsets.h
  UPD     include/generated/asm-offsets.h
  CALL    ../scripts/checksyscalls.sh
  LDS     arch/arm64/kernel/vdso/vdso.lds
  VDSOC   arch/arm64/kernel/vdso/vgettimeofday.o
  VDSOA   arch/arm64/kernel/vdso/note.o
  VDSOA   arch/arm64/kernel/vdso/sigreturn.o
  LD      arch/arm64/kernel/vdso/vdso.so.dbg
  VDSOSYM include/generated/vdso-offsets.h
  LDS     arch/arm64/kernel/vdso32/vdso.lds
  VDSOC32   arch/arm64/kernel/vdso32/vgettimeofday.o
..
..
  VDSOA32   arch/arm64/kernel/vdso32/sigreturn.o
  HOSTCC  arch/arm64/kernel/vdso32/../../../arm/vdso/vdsomunge
..
..
..
  VDSOL32   arch/arm64/kernel/vdso32/vdso.so.raw
  MUNGE   arch/arm64/kernel/vdso32/vdso.so.dbg
  VDSOSYM include/generated/vdso32-offsets.h
..
  CC      init/main.o
  CHK     include/generated/compile.h
  HOSTCC  usr/gen_init_cpio
  UPD     include/generated/compile.h
  CC      arch/arm64/kernel/debug-monitors.o
  GEN     usr/initramfs_data.cpio
  AS      usr/initramfs_data.o
  AR      usr/built-in.o
  CC      arch/arm64/mm/dma-mapping.o
  AS      arch/arm64/kernel/entry.o
  CC      init/do_mounts.o
  CC      arch/arm64/kernel/irq.o
  CC      arch/arm64/mm/extable.o
  CC      arch/arm64/kernel/fpsimd.o
  CC      arch/arm64/mm/fault.o
  AS      arch/arm64/kernel/entry-fpsimd.o
  CC      arch/arm64/kernel/process.o
  CC      init/do_mounts_rd.o
  CC      arch/arm64/mm/init.o
  CC      arch/arm64/kernel/ptrace.o
  CC      init/do_mounts_initrd.o
  AS      arch/arm64/mm/cache.o
  CC      arch/arm64/mm/copypage.o
  CC      arch/arm64/mm/flush.o
  CC      arch/arm64/kernel/setup.o
  CC      init/noinitramfs.o
  CC      arch/arm64/mm/ioremap.o
  CC      arch/arm64/kernel/signal.o
  CC      init/initramfs.o
  CC      arch/arm64/mm/mmap.o
  CC      init/calibrate.o
  CC      arch/arm64/mm/pgd.o
  CC      arch/arm64/kernel/sys.o
  CC      init/userland_worker.o
  CC      arch/arm64/mm/mmu.o
  CC      init/init_task.o
  CC      arch/arm64/kernel/stacktrace.o
  CC      arch/arm64/kernel/time.o
  CC      arch/arm64/mm/context.o
  CC      init/version.o
  AR      init/mounts.o
  CC      arch/arm64/kernel/traps.o
  AS      arch/arm64/mm/proc.o
  AR      init/built-in.o
  CC      arch/arm64/mm/pageattr.o
  CC      arch/arm64/net/bpf_jit_comp.o
  AS      arch/arm64/mm/cache-mtk-v8.o
  CC      arch/arm64/kernel/io.o
  AR      arch/arm64/mm/built-in.o
  CC      arch/arm64/kernel/vdso.o
  AR      arch/arm64/net/built-in.o
  AS      arch/arm64/kernel/hyp-stub.o
  CC      arch/arm64/crypto/sha2-ce-glue.o
  CC      kernel/fork.o
  CC      arch/arm64/kernel/psci.o
  AS      arch/arm64/crypto/sha2-ce-core.o
  AS      arch/arm64/crypto/aes-ce-core.o
  CC      arch/arm64/kernel/cpu_ops.o
  CC      arch/arm64/crypto/aes-ce-glue.o
  CC      arch/arm64/crypto/aes-glue-ce.o
  CC      arch/arm64/kernel/insn.o
  CC      kernel/exec_domain.o
  CC      arch/arm64/kernel/module.o
  AS      arch/arm64/crypto/aes-ce.o
  CC      kernel/panic.o
  CC      arch/arm64/crypto/sha256-glue.o
  CC      arch/arm64/kernel/return_address.o
  CC      kernel/cpu.o
  SHIPPED arch/arm64/crypto/sha256-core.S
  AS      arch/arm64/crypto/aes-cipher-core.o
  CC      arch/arm64/crypto/aes-cipher-glue.o
  CC      arch/arm64/kernel/cpuinfo.o
  CC      arch/arm64/kernel/cpu_errata.o
  AR      arch/arm64/crypto/sha2-ce.o
  AR      arch/arm64/crypto/aes-ce-cipher.o
  AR      arch/arm64/crypto/aes-ce-blk.o
  CC      kernel/exit.o
  AS      arch/arm64/crypto/sha256-core.o
  AR      arch/arm64/crypto/aes-arm64.o
  AR      arch/arm64/crypto/sha256-arm64.o
  CC      arch/arm64/kernel/cpufeature.o
  AR      arch/arm64/crypto/built-in.o
  CC      kernel/softirq.o
  CC      arch/arm64/kernel/alternative.o
  CC      certs/system_keyring.o
  CC      arch/arm64/kernel/cacheinfo.o
  EXTRACT_CERTS   
  CC      arch/arm64/kernel/smp.o
  AS      certs/system_certificates.o
  AR      certs/built-in.o
  CC      kernel/resource.o
  CC      arch/arm64/kernel/smp_spin_table.o
  CC      mm/filemap.o
  CC      kernel/sysctl.o
  CC      arch/arm64/kernel/topology.o
  CC      fs/open.o
  AS      arch/arm64/kernel/smccc-call.o
  CC      arch/arm64/kernel/sys32.o
  CC      mm/mempool.o
  CC      fs/read_write.o
  CC      arch/arm64/kernel/signal32.o
  CC      kernel/sysctl_binary.o
  CC      mm/oom_kill.o
  CC      fs/file_table.o
  CC      arch/arm64/kernel/sys_compat.o
  CC      kernel/capability.o
  CC      mm/maccess.o
  CC      fs/super.o
  AS      arch/arm64/kernel/entry32.o
  CC      mm/page_alloc.o
  AS      arch/arm64/kernel/kuser32.o
  CC      kernel/ptrace.o
  CC      arch/arm64/kernel/arm64ksyms.o
  CC      fs/char_dev.o
  CC      arch/arm64/kernel/module-plts.o
  CC      kernel/user.o
  CC      arch/arm64/kernel/perf_regs.o
  CC      kernel/signal.o
  CC      fs/stat.o
  CC      arch/arm64/kernel/perf_callchain.o
  CC      mm/page-writeback.o
  CC      fs/exec.o
  CC      arch/arm64/kernel/perf_event.o
  CC      kernel/sys.o
  CC      mm/readahead.o
  AS      arch/arm64/kernel/sleep.o
  CC      arch/arm64/kernel/suspend.o
  CC      fs/pipe.o
  CC      arch/arm64/kernel/cpuidle.o
  CC      kernel/umh.o
  CC      mm/swap.o
  CC      fs/namei.o
  CC      arch/arm64/kernel/kaslr.o
  CC      kernel/workqueue.o
  CC      arch/arm64/kernel/ssbd.o
  CC      mm/truncate.o
  CC      arch/arm64/kernel/bootinfo.o
  CC      mm/vmscan.o
  CC      arch/arm64/kernel/hwconf_manager.o
  CC      fs/fcntl.o
  CC      kernel/pid.o
  CC      arch/arm64/kernel/probes/uprobes.o
  CC      fs/ioctl.o
  CC      arch/arm64/kernel/probes/decode-insn.o
  CC      kernel/task_work.o
  CC      mm/shmem.o
  CC      arch/arm64/kernel/probes/simulate-insn.o
  CC      fs/readdir.o
  CC      kernel/extable.o
  AR      arch/arm64/kernel/probes/built-in.o
  OBJCOPY arch/arm64/kernel/vdso/vdso.so
  AS      arch/arm64/kernel/vdso/vdso.o
  AR      arch/arm64/kernel/vdso/built-in.o
  CC      fs/select.o
  OBJCOPY arch/arm64/kernel/vdso32/vdso.so
  AS      arch/arm64/kernel/vdso32/vdso.o
  CC      mm/util.o
  AR      arch/arm64/kernel/vdso32/built-in.o
  CC      kernel/params.o
  AS      arch/arm64/kernel/head.o
  LDS     arch/arm64/kernel/vmlinux.lds
  AR      arch/arm64/kernel/built-in.o
  AR      ipc/built-in.o
  CC      fs/dcache.o
  CC      kernel/kthread.o
  CC      mm/mmzone.o
  CC      security/bpf/hooks.o
  CC      mm/vmstat.o
  CC      fs/inode.o
  CC      kernel/sys_ni.o
  AR      security/bpf/built-in.o
  CC      kernel/nsproxy.o
  CC      security/integrity/iint.o
  CC      mm/backing-dev.o
  AR      security/integrity/integrity.o
  AR      security/integrity/built-in.o
  CC      security/keys/gc.o
  CC      kernel/notifier.o
  CC      fs/attr.o
  CC      security/keys/key.o
  CC      mm/mm_init.o
  CC      kernel/ksysfs.o
  CC      fs/bad_inode.o
  CC      security/keys/keyring.o
  CC      mm/mmu_context.o
  CC      kernel/cred.o
  CC      fs/file.o
  CC      mm/percpu.o
  CC      security/keys/keyctl.o
  CC      kernel/reboot.o
  CC      fs/filesystems.o
  CC      security/keys/permission.o
  CC      kernel/async.o
  CC      fs/namespace.o
  CC      mm/slab_common.o
  CC      kernel/range.o
  CC      security/keys/process_keys.o
  CC      kernel/smpboot.o
  CC      security/keys/request_key.o
  CC      kernel/ucount.o
  CC      mm/compaction.o
  CC      fs/seq_file.o
  CC      kernel/kmod.o
  CC      security/keys/request_key_auth.o
  CC      fs/xattr.o
  CC      security/keys/user_defined.o
  CC      kernel/groups.o
  CC      mm/vmacache.o
  CC      security/keys/compat.o
  CC      fs/libfs.o
  CC      mm/swap_slots.o
  CC      kernel/bpf/core.o
  CC      security/keys/proc.o
  CC      fs/fs-writeback.o
  CC      mm/interval_tree.o
  CC      security/keys/sysctl.o
  CC      mm/list_lru.o
  CC      kernel/bpf/syscall.o
  AR      security/keys/built-in.o
  CC      security/selinux/avc.o
  CC      fs/pnode.o
  CC      mm/workingset.o
  CC      fs/splice.o
  CC      mm/debug.o
  CC      security/selinux/hooks.o
  CC      kernel/bpf/verifier.o
  CC      fs/sync.o
  CC      mm/gup.o
  CC      fs/utimes.o
  CC      mm/highmem.o
  CC      security/selinux/selinuxfs.o
  CC      mm/memory.o
  CC      fs/stack.o
  CC      fs/fs_struct.o
  CC      security/selinux/netlink.o
  CC      fs/statfs.o
  CC      kernel/bpf/inode.o
  CC      mm/mincore.o
  CC      security/selinux/nlmsgtab.o
  CC      fs/fs_pin.o
  CC      kernel/bpf/helpers.o
  CC      fs/nsfs.o
  CC      mm/mlock.o
  CC      security/selinux/netif.o
  CC      fs/susfs.o
  CC      mm/mmap.o
  CC      kernel/bpf/tnum.o
  CC      kernel/bpf/bpf_iter.o
  CC      security/selinux/netnode.o
  CC      kernel/bpf/map_iter.o
  CC      mm/mmu_gather.o
  CC      security/selinux/netport.o
  CC      mm/mprotect.o
  CC      kernel/bpf/task_iter.o
  CC      security/selinux/ibpkey.o
  CC      mm/mremap.o
  CC      fs/buffer.o
  CC      kernel/bpf/prog_iter.o
  CC      security/selinux/ss/ebitmap.o
  CC      mm/msync.o
  CC      kernel/bpf/hashtab.o
  CC      fs/block_dev.o
  CC      mm/page_vma_mapped.o
  CC      security/selinux/ss/hashtab.o
  CC      security/selinux/ss/symtab.o
  CC      mm/pagewalk.o
  CC      kernel/bpf/arraymap.o
  CC      security/selinux/ss/sidtab.o
  CC      fs/direct-io.o
  CC      mm/pgtable-generic.o
  CC      fs/mpage.o
  CC      kernel/bpf/percpu_freelist.o
  CC      mm/rmap.o
  CC      kernel/bpf/bpf_lru_list.o
  CC      security/selinux/ss/avtab.o
  CC      kernel/bpf/lpm_trie.o
  CC      fs/proc_namespace.o
  CC      mm/vmalloc.o
  CC      security/selinux/ss/policydb.o
  CC      fs/configfs/inode.o
  CC      kernel/bpf/map_in_map.o
  CC      kernel/bpf/local_storage.o
  CC      fs/configfs/file.o
  CC      mm/process_vm_access.o
  CC      security/selinux/ss/services.o
  CC      fs/configfs/dir.o
  CC      mm/vmpressure.o
  CC      kernel/bpf/queue_stack_maps.o
  CC      fs/configfs/symlink.o
  CC      mm/init-mm.o
  CC      kernel/bpf/ringbuf.o
  CC      fs/configfs/mount.o
  CC      mm/nobootmem.o
  CC      security/selinux/ss/conditional.o
  CC      fs/configfs/item.o
  CC      mm/fadvise.o
  CC      kernel/bpf/bpf_inode_storage.o
  AR      fs/configfs/configfs.o
  AR      fs/configfs/built-in.o
  CC      fs/crypto/crypto.o
  CC      mm/madvise.o
  CC      security/selinux/ss/mls.o
  CC      kernel/bpf/disasm.o
  CC      fs/crypto/fname.o
  CC      kernel/bpf/trampoline.o
  CC      mm/memblock.o
  CC      fs/crypto/hkdf.o
  CC      security/selinux/ss/status.o
  CC      fs/crypto/hooks.o
  CC      kernel/bpf/btf.o
  CC      mm/page_io.o
  CC      fs/crypto/keyring.o
  AR      security/selinux/selinux.o
  AR      security/selinux/built-in.o
  CC      security/commoncap.o
  CC      mm/swap_state.o
  CC      fs/crypto/keysetup.o
  CC      security/min_addr.o
  CC      fs/crypto/keysetup_v1.o
  CC      mm/swapfile.o
  CC      kernel/bpf/dispatcher.o
  CC      security/security.o
  CC      fs/crypto/policy.o
  CC      kernel/bpf/devmap.o
  CC      mm/frontswap.o
  CC      fs/crypto/bio.o
  AR      security/built-in.o
  CC      fs/debugfs/inode.o
  CC      mm/zswap.o
  CC      fs/crypto/inline_crypt.o
  CC      kernel/bpf/cpumap.o
  CC      fs/debugfs/file.o
  AR      fs/crypto/fscrypto.o
  CC      mm/dmapool.o
  AR      fs/crypto/built-in.o
  CC      mm/sparse.o
  AR      fs/debugfs/debugfs.o
  AR      fs/debugfs/built-in.o
  CC      fs/devpts/inode.o
  CC      kernel/bpf/bpf_local_storage.o
  CC      mm/sparse-vmemmap.o
  AR      fs/devpts/devpts.o
  AR      fs/devpts/built-in.o
  CC      crypto/api.o
  CC      fs/erofs/super.o
  CC      mm/slub.o
  CC      kernel/bpf/offload.o
  CC      crypto/cipher.o
  CC      fs/erofs/inode.o
  CC      kernel/bpf/net_namespace.o
  CC      crypto/compress.o
  CC      fs/erofs/data.o
  CC      mm/migrate.o
  CC      crypto/memneq.o
  CC      fs/erofs/namei.o
  CC      kernel/bpf/stackmap.o
  CC      mm/page_isolation.o
  CC      crypto/crypto_wq.o
  CC      fs/erofs/dir.o
  CC      kernel/bpf/cgroup.o
  CC      mm/zpool.o
  CC      crypto/algapi.o
  CC      fs/erofs/utils.o
  CC      mm/zsmalloc.o
  CC      fs/erofs/pcpubuf.o
  CC      crypto/scatterwalk.o
  CC      kernel/bpf/reuseport_array.o
  CC      fs/erofs/xattr.o
  CC      mm/z3fold.o
  CC      crypto/proc.o
  CC      fs/erofs/decompressor.o
  CC      mm/early_ioremap.o
  CC      kernel/bpf/bpf_struct_ops.o
  CC      crypto/aead.o
  CC      fs/erofs/zmap.o
  CC      mm/cma.o
  CC      fs/erofs/zdata.o
  CC      crypto/ablkcipher.o
  CC      kernel/bpf/bpf_lsm.o
  CC      mm/userfaultfd.o
  AR      fs/erofs/erofs.o
  AR      fs/erofs/built-in.o
  CC      crypto/blkcipher.o
  CC      fs/exfat/inode.o
  CC      mm/frame_vector.o
  AR      kernel/bpf/built-in.o
  CC      kernel/cgroup/cgroup.o
  CC      fs/exfat/namei.o
  CC      mm/usercopy.o
  CC      crypto/skcipher.o
  AR      mm/built-in.o
  AR      fs/exofs/built-in.o
  CC      kernel/cgroup/namespace.o
  CC      fs/exfat/dir.o
  CC      crypto/seqiv.o
  CC      crypto/echainiv.o
  CC      fs/exfat/super.o
  CC      fs/exfat/fatent.o
  CC      crypto/ahash.o
  CC      fs/exportfs/expfs.o
  CC      fs/exfat/cache.o
  CC      kernel/cgroup/cgroup-v1.o
  CC      crypto/shash.o
  AR      fs/exportfs/exportfs.o
  AR      fs/exportfs/built-in.o
  CC      fs/ext4/balloc.o
  CC      fs/exfat/nls.o
  CC      kernel/cgroup/freezer.o
  CC      crypto/akcipher.o
  CC      fs/exfat/misc.o
  CC      kernel/cgroup/legacy_freezer.o
  CC      crypto/kpp.o
  CC      fs/ext4/bitmap.o
  CC      fs/exfat/file.o
  CC      kernel/cgroup/cpuset.o
  ASN.1   crypto/rsapubkey-asn1.c
  ASN.1   crypto/rsaprivkey-asn1.c
  CC      crypto/rsa.o
  CC      fs/ext4/block_validity.o
  CC      fs/exfat/balloc.o
  CC      crypto/rsa_helper.o
  CC      crypto/rsa-pkcs1pad.o
  CC      fs/ext4/dir.o
  AR      fs/exfat/exfat.o
  AR      fs/exfat/built-in.o
  CC      block/bio.o
  AR      kernel/cgroup/built-in.o
  CC      kernel/events/core.o
  CC      crypto/acompress.o
  CC      fs/ext4/ext4_jbd2.o
  CC      crypto/scompress.o
  CC      block/elevator.o
  CC      fs/ext4/extents.o
  CC      crypto/algboss.o
  CC      block/blk-core.o
  CC      crypto/testmgr.o
  CC      kernel/events/ring_buffer.o
  CC      crypto/cmac.o
  CC      block/blk-tag.o
  CC      kernel/events/callchain.o
  CC      fs/ext4/extents_status.o
  CC      crypto/hmac.o
  CC      block/blk-sysfs.o
  CC      kernel/events/uprobes.o
  CC      crypto/xcbc.o
  CC      fs/ext4/file.o
  CC      block/blk-flush.o
  AR      kernel/events/built-in.o
  CC      kernel/irq/irqdesc.o
  CC      crypto/crypto_null.o
  CC      block/blk-settings.o
  CC      fs/ext4/fsmap.o
  CC      kernel/irq/handle.o
  CC      crypto/md5.o
  CC      block/blk-ioc.o
  CC      kernel/irq/manage.o
  CC      crypto/sha1_generic.o
  CC      fs/ext4/fsync.o
  CC      block/blk-map.o
  CC      crypto/sha256_generic.o
  CC      kernel/irq/spurious.o
  CC      block/blk-exec.o
  CC      fs/ext4/hash.o
  CC      kernel/irq/resend.o
  CC      crypto/sha512_generic.o
  CC      block/blk-merge.o
  CC      kernel/irq/chip.o
  CC      fs/ext4/ialloc.o
  CC      crypto/gf128mul.o
  CC      block/blk-softirq.o
  CC      kernel/irq/dummychip.o
  CC      crypto/ecb.o
  CC      block/blk-timeout.o
  CC      kernel/irq/devres.o
  CC      fs/ext4/indirect.o
  CC      crypto/cbc.o
  CC      kernel/irq/autoprobe.o
  CC      block/blk-lib.o
  CC      crypto/cts.o
  CC      kernel/irq/irqdomain.o
  CC      fs/ext4/inline.o
  CC      block/blk-mq.o
  CC      crypto/xts.o
  CC      kernel/irq/proc.o
  CC      fs/ext4/inode.o
  CC      crypto/ctr.o
  CC      kernel/irq/cpuhotplug.o
  CC      block/blk-mq-tag.o
  CC      crypto/gcm.o
  CC      kernel/irq/pm.o
  CC      block/blk-stat.o
  CC      kernel/irq/affinity.o
  CC      block/blk-mq-sysfs.o
  CC      crypto/ccm.o
  CC      fs/ext4/ioctl.o
  AR      kernel/irq/built-in.o
  AR      kernel/livepatch/built-in.o
  CC      kernel/locking/mutex.o
  CC      block/blk-mq-cpumap.o
  CC      crypto/cryptd.o
  CC      kernel/locking/semaphore.o
  CC      block/blk-mq-sched.o
  CC      fs/ext4/mballoc.o
  CC      crypto/des_generic.o
  CC      kernel/locking/rwsem.o
  CC      block/ioctl.o
  CC      crypto/blowfish_generic.o
  CC      kernel/locking/percpu-rwsem.o
  CC      kernel/locking/spinlock.o
  CC      crypto/blowfish_common.o
  CC      block/genhd.o
  CC      kernel/locking/osq_lock.o
  CC      kernel/locking/rtmutex.o
  CC      crypto/twofish_generic.o
  CC      fs/ext4/migrate.o
  CC      block/partition-generic.o
  CC      crypto/twofish_common.o
  AR      kernel/locking/built-in.o
  CC      kernel/power/qos.o
  CC      crypto/aes_generic.o
  CC      fs/ext4/mmp.o
  CC      block/ioprio.o
  CC      kernel/power/main.o
  CC      crypto/arc4.o
  CC      fs/ext4/move_extent.o
  CC      block/badblocks.o
  CC      kernel/power/process.o
  CC      crypto/deflate.o
  CC      block/partitions/check.o
  CC      fs/ext4/namei.o
  CC      crypto/crc32c_generic.o
  CC      kernel/power/suspend.o
  CC      block/partitions/msdos.o
  CC      crypto/crc32_generic.o
  CC      block/partitions/efi.o
  CC      kernel/power/wakelock.o
  CC      fs/ext4/page-io.o
  CC      crypto/authenc.o
  CC      kernel/power/poweroff.o
  AR      block/partitions/built-in.o
  CC      block/scsi_ioctl.o
  CC      kernel/power/wakeup_reason.o
  CC      fs/ext4/readpage.o
  CC      crypto/authencesn.o
  CC      block/blk-cgroup.o
  AR      kernel/power/built-in.o
  CC      kernel/printk/printk.o
  CC      fs/ext4/resize.o
  CC      crypto/lz4.o
  CC      block/noop-iosched.o
  CC      crypto/rng.o
  CC      kernel/printk/printk_safe.o
  AR      kernel/printk/built-in.o
  CC      kernel/rcu/update.o
  CC      fs/ext4/super.o
  CC      block/deadline-iosched.o
  CC      crypto/drbg.o
  CC      block/cfq-iosched.o
  CC      kernel/rcu/sync.o
  CC      crypto/jitterentropy.o
  CC      crypto/jitterentropy-kcapi.o
  CC      kernel/rcu/srcutree.o
  CC      kernel/rcu/tree.o
  CC      crypto/ghash-generic.o
  CC      block/mq-deadline.o
  CC      crypto/zstd.o
  CC      block/kyber-iosched.o
  CC      fs/ext4/symlink.o
  CC      crypto/asymmetric_keys/asymmetric_type.o
  CC      block/compat_ioctl.o
  CC      kernel/rcu/rcu_segcblist.o
  CC      fs/ext4/sysfs.o
  CC      crypto/asymmetric_keys/restrict.o
  AR      kernel/rcu/built-in.o
  CC      kernel/sched/core.o
  CC      crypto/asymmetric_keys/signature.o
  CC      fs/ext4/xattr.o
  CC      block/blk-mq-virtio.o
  CC      crypto/asymmetric_keys/public_key.o
  CC      block/blk-wbt.o
  ASN.1   crypto/asymmetric_keys/x509-asn1.c
  ASN.1   crypto/asymmetric_keys/x509_akid-asn1.c
  CC      crypto/asymmetric_keys/x509_public_key.o
  CC      fs/ext4/xattr_trusted.o
  ASN.1   crypto/asymmetric_keys/pkcs7-asn1.c
  CC      crypto/asymmetric_keys/pkcs7_trust.o
  CC      crypto/asymmetric_keys/pkcs7_verify.o
  CC      block/keyslot-manager.o
  CC      fs/ext4/xattr_user.o
  AR      crypto/asymmetric_keys/asymmetric_keys.o
  CC      crypto/asymmetric_keys/x509-asn1.o
  CC      crypto/asymmetric_keys/x509_akid-asn1.o
  CC      crypto/asymmetric_keys/x509_cert_parser.o
  CC      block/bio-crypt-ctx.o
  CC      crypto/asymmetric_keys/pkcs7-asn1.o
  CC      kernel/sched/loadavg.o
  CC      crypto/asymmetric_keys/pkcs7_parser.o
  CC      fs/ext4/acl.o
  AR      crypto/asymmetric_keys/x509_key_parser.o
  CC      block/blk-crypto.o
  AR      crypto/asymmetric_keys/pkcs7_message.o
  AR      crypto/asymmetric_keys/built-in.o
  CC      crypto/hash_info.o
  CC      crypto/simd.o
  CC      kernel/sched/clock.o
  CC      fs/ext4/xattr_security.o
  CC      block/blk-crypto-fallback.o
  CC      kernel/sched/cputime.o
  AR      crypto/crypto.o
  AR      crypto/crypto_algapi.o
  AR      crypto/crypto_blkcipher.o
  AR      crypto/crypto_hash.o
  CC      crypto/rsapubkey-asn1.o
  CC      crypto/rsaprivkey-asn1.o
  AR      crypto/crypto_acompress.o
  AR      crypto/cryptomgr.o
  AR      crypto/jitterentropy_rng.o
  AR      crypto/crypto_simd.o
  AR      crypto/rsa_generic.o
  AR      crypto/built-in.o
  CC      fs/ext4/verity.o
  CC      fs/f2fs/dir.o
  AR      block/built-in.o
  CC      kernel/sched/idle_task.o
  CC      fs/f2fs/file.o
  AR      fs/ext4/ext4.o
  CC      kernel/sched/fair.o
  AR      fs/ext4/built-in.o
  CC      kernel/time/time.o
  CC      drivers/amba/bus.o
  CC      kernel/time/timer.o
  AR      drivers/amba/built-in.o
  CC      drivers/android/binderfs.o
  CC      fs/f2fs/inode.o
  CC      drivers/android/binder.o
  CC      kernel/time/hrtimer.o
  CC      kernel/sched/rt.o
  CC      kernel/time/timekeeping.o
  CC      fs/f2fs/namei.o
  CC      kernel/time/ntp.o
  CC      kernel/sched/deadline.o
  CC      fs/f2fs/hash.o
  CC      drivers/android/binder_alloc.o
  CC      kernel/time/clocksource.o
  CC      kernel/time/jiffies.o
  CC      kernel/sched/wait.o
  CC      fs/f2fs/super.o
  CC      drivers/android/simple_lmk.o
  CC      kernel/time/timer_list.o
  CC      kernel/sched/wait_bit.o
  AR      drivers/android/built-in.o
  AR      drivers/auxdisplay/built-in.o
  CC      kernel/time/timeconv.o
  CC      drivers/base/component.o
  CC      kernel/sched/swait.o
  CC      kernel/time/timecounter.o
  CC      kernel/time/alarmtimer.o
  CC      drivers/base/core.o
  CC      kernel/sched/completion.o
  CC      fs/f2fs/inline.o
  CC      kernel/time/posix-timers.o
  CC      kernel/sched/idle.o
  CC      drivers/base/bus.o
  CC      kernel/time/posix-cpu-timers.o
  CC      kernel/sched/cpupri.o
  CC      drivers/base/dd.o
  CC      fs/f2fs/checkpoint.o
  CC      kernel/sched/cpudeadline.o
  CC      kernel/time/posix-clock.o
  CC      kernel/sched/topology.o
  CC      drivers/base/syscore.o
  CC      kernel/time/itimer.o
  CC      drivers/base/driver.o
  CC      kernel/sched/stop_task.o
  CC      fs/f2fs/gc.o
  CC      drivers/base/class.o
  CC      kernel/time/clockevents.o
  CC      kernel/sched/energy.o
  CC      drivers/base/platform.o
  CC      kernel/time/tick-common.o
  CC      kernel/sched/tune.o
  CC      drivers/base/cpu.o
  CC      fs/f2fs/data.o
  CC      kernel/time/tick-broadcast.o
  CC      drivers/base/firmware.o
  CC      kernel/sched/cpuacct.o
  CC      kernel/time/tick-broadcast-hrtimer.o
  CC      drivers/base/init.o
  CC      kernel/time/sched_clock.o
  CC      kernel/sched/cpufreq.o
  CC      drivers/base/map.o
  CC      kernel/time/tick-oneshot.o
  CC      drivers/base/devres.o
  CC      kernel/sched/cpufreq_schedutil.o
  CC      kernel/time/tick-sched.o
  CC      drivers/base/attribute_container.o
  CC      fs/f2fs/node.o
  CC      drivers/base/transport_class.o
  CC      kernel/time/timekeeping_debug.o
  CC      kernel/sched/membarrier.o
  CC      drivers/base/topology.o
  AR      kernel/time/built-in.o
  CC      fs/fat/cache.o
  CC      drivers/base/container.o
  AR      kernel/sched/built-in.o
  CC      kernel/trace/trace_clock.o
  CC      fs/fat/dir.o
  CC      drivers/base/property.o
  CC      kernel/trace/ring_buffer.o
  CC      fs/fat/fatent.o
  CC      fs/f2fs/segment.o
  CC      drivers/base/cacheinfo.o
  CC      kernel/trace/trace.o
  CC      fs/fat/file.o
  CC      drivers/base/power/sysfs.o
  CC      drivers/base/power/generic_ops.o
  CC      fs/fat/inode.o
  CC      kernel/trace/trace_output.o
  CC      drivers/base/power/common.o
  CC      fs/fat/misc.o
  CC      drivers/base/power/qos.o
  CC      fs/fat/nfs.o
  CC      kernel/trace/trace_seq.o
  CC      fs/f2fs/recovery.o
  CC      drivers/base/power/runtime.o
  CC      kernel/trace/trace_stat.o
  CC      fs/fat/namei_vfat.o
  CC      fs/f2fs/shrinker.o
  CC      fs/fat/namei_msdos.o
  CC      drivers/base/power/wakeirq.o
  CC      kernel/trace/trace_printk.o
  CC      drivers/base/power/main.o
  CC      fs/f2fs/extent_cache.o
  AR      fs/fat/fat.o
  CC      kernel/trace/trace_sched_switch.o
  AR      fs/fat/vfat.o
  AR      fs/fat/msdos.o
  AR      fs/fat/built-in.o
  CC      sound/sound_core.o
  AR      sound/arm/built-in.o
  AR      sound/atmel/built-in.o
  CC      sound/core/sound.o
  CC      drivers/base/power/wakeup.o
  CC      kernel/trace/trace_nop.o
  CC      fs/f2fs/sysfs.o
  CC      sound/core/init.o
  CC      kernel/trace/blktrace.o
  CC      drivers/base/power/wakeup_stats.o
  CC      sound/core/memory.o
  CC      fs/f2fs/xattr.o
  CC      drivers/base/power/opp/core.o
  CC      sound/core/control.o
  CC      kernel/trace/trace_events.o
  CC      drivers/base/power/opp/cpu.o
  CC      fs/f2fs/acl.o
  CC      drivers/base/power/opp/of.o
  CC      sound/core/misc.o
  CC      kernel/trace/trace_export.o
  CC      fs/f2fs/verity.o
  CC      drivers/base/power/opp/debugfs.o
  CC      sound/core/device.o
  AR      drivers/base/power/opp/built-in.o
  CC      kernel/trace/trace_event_perf.o
  CC      drivers/base/power/clock_ops.o
  CC      sound/core/info.o
  CC      fs/f2fs/compress.o
  AR      drivers/base/power/built-in.o
  CC      drivers/base/regmap/regmap.o
  CC      sound/core/ctljack.o
  CC      kernel/trace/trace_events_filter.o
  CC      sound/core/jack.o
  CC      sound/core/hwdep.o
  AR      fs/f2fs/f2fs.o
  CC      kernel/trace/trace_events_trigger.o
  AR      fs/f2fs/built-in.o
  CC      drivers/base/regmap/regcache.o
  CC      fs/fuse/dev.o
  CC      sound/core/timer.o
  CC      drivers/base/regmap/regcache-rbtree.o
  CC      kernel/trace/bpf_trace.o
  CC      drivers/base/regmap/regcache-flat.o
  CC      fs/fuse/dir.o
  CC      sound/core/hrtimer.o
  CC      drivers/base/regmap/regmap-debugfs.o
  CC      sound/core/pcm.o
  CC      kernel/trace/power-traces.o
  CC      fs/fuse/file.o
  CC      drivers/base/regmap/regmap-i2c.o
  CC      sound/core/pcm_native.o
  CC      drivers/base/regmap/regmap-spi.o
  CC      kernel/trace/rpm-traces.o
  CC      drivers/base/regmap/regmap-mmio.o
  CC      fs/fuse/inode.o
  CC      kernel/trace/trace_probe.o
  AR      drivers/base/regmap/built-in.o
  AR      drivers/base/test/built-in.o
  CC      drivers/base/dma-mapping.o
  CC      sound/core/pcm_lib.o
  CC      fs/fuse/control.o
  CC      kernel/trace/trace_uprobe.o
  CC      drivers/base/dma-coherent.o
  CC      sound/core/pcm_misc.o
  CC      fs/fuse/xattr.o
  CC      drivers/base/firmware_class.o
  CC      kernel/trace/mtk_trace.o
  CC      sound/core/pcm_memory.o
  CC      fs/fuse/acl.o
  CC      sound/core/memalloc.o
  CC      drivers/base/module.o
  AR      kernel/trace/built-in.o
  CC      kernel/kcmp.o
  CC      fs/fuse/passthrough.o
  CC      drivers/base/pinctrl.o
  CC      sound/core/pcm_timer.o
  CC      kernel/freezer.o
  CC      drivers/base/arch_topology.o
  AR      fs/fuse/fuse.o
  AR      fs/fuse/built-in.o
  CC      fs/incfs/data_mgmt.o
  CC      sound/core/seq_device.o
  CC      kernel/profile.o
  AR      drivers/base/built-in.o
  CC      drivers/block/brd.o
  CC      sound/core/rawmidi.o
  CC      fs/incfs/format.o
  CC      kernel/stacktrace.o
  CC      drivers/block/loop.o
  CC      fs/incfs/integrity.o
  CC      kernel/futex.o
  CC      sound/core/seq/seq.o
  CC      fs/incfs/main.o
  CC      sound/core/seq/seq_lock.o
  CC      fs/incfs/vfs.o
  CC      drivers/block/vbswap/vbswap.o
  CC      sound/core/seq/seq_clientmgr.o
  CC      kernel/smp.o
  AR      drivers/block/vbswap/built-in.o
  AR      drivers/block/built-in.o
  CC      kernel/uid16.o
  AR      drivers/bus/built-in.o
  AR      fs/incfs/incrementalfs.o
  AR      drivers/cdrom/built-in.o
  AR      fs/incfs/built-in.o
  CC      drivers/char/mem.o
  CC      fs/isofs/namei.o
  CC      sound/core/seq/seq_memory.o
  CC      fs/isofs/inode.o
  CC      kernel/module.o
  CC      sound/core/seq/seq_queue.o
  CC      drivers/char/random.o
  CC      fs/isofs/dir.o
  CC      sound/core/seq/seq_fifo.o
  CC      drivers/char/misc.o
  CC      fs/isofs/util.o
  CC      sound/core/seq/seq_prioq.o
  CC      kernel/kallsyms.o
  AR      drivers/char/agp/built-in.o
  CC      drivers/char/hw_random/core.o
  CC      fs/isofs/rock.o
  CC      sound/core/seq/seq_timer.o
  CC      drivers/char/hw_random/mt67xx-rng.o
  CC      fs/isofs/export.o
  CC      sound/core/seq/seq_system.o
  CC      kernel/compat.o
  AR      drivers/char/hw_random/rng-core.o
  AR      drivers/char/hw_random/built-in.o
  CC      fs/isofs/joliet.o
  CC      drivers/char/rpmb/rpmb-mtk.o
  CC      sound/core/seq/seq_ports.o
  CC      kernel/utsname.o
  CC      fs/isofs/compress.o
  CC      sound/core/seq/seq_info.o
  CC      kernel/pid_namespace.o
  CC      sound/core/seq/seq_dummy.o
  CC      drivers/char/rpmb/core.o
  AR      fs/isofs/isofs.o
  AR      fs/isofs/built-in.o
  CC      fs/jbd2/transaction.o
  AR      drivers/char/rpmb/rpmb.o
  CC      sound/core/seq/seq_midi.o
  GZIP    kernel/config_data.gz
  CHK     kernel/kheaders_data.tar.xz
  AR      drivers/char/rpmb/built-in.o
  AR      drivers/char/built-in.o
  AR      drivers/char/ipmi/built-in.o
  GEN     kernel/kheaders_data.tar.xz
  CC      drivers/clk/clk-devres.o
  CC      sound/core/seq/seq_midi_event.o
  CC      drivers/clk/clk-bulk.o
  CC      fs/jbd2/commit.o
  CC      drivers/clk/clkdev.o
  AR      sound/core/seq/snd-seq.o
  AR      sound/core/seq/snd-seq-dummy.o
  AR      sound/core/seq/snd-seq-midi.o
  AR      sound/core/seq/snd-seq-midi-event.o
  AR      sound/core/seq/built-in.o
  CC      sound/core/compress_offload.o
  CC      drivers/clk/clk.o
  CC      fs/jbd2/recovery.o
  AR      sound/core/snd.o
  AR      sound/core/snd-hwdep.o
  AR      sound/core/snd-timer.o
  AR      sound/core/snd-hrtimer.o
  AR      sound/core/snd-pcm.o
  AR      sound/core/snd-seq-device.o
  AR      sound/core/snd-rawmidi.o
  CC      fs/jbd2/checkpoint.o
  AR      sound/core/snd-compress.o
  AR      sound/core/built-in.o
  AR      sound/drivers/mpu401/built-in.o
  AR      sound/drivers/opl3/built-in.o
  AR      sound/drivers/opl4/built-in.o
  CC      drivers/clk/clk-divider.o
  AR      sound/drivers/pcsp/built-in.o
  AR      sound/drivers/vx/built-in.o
  AR      sound/drivers/built-in.o
  AR      sound/firewire/built-in.o
  AR      sound/hda/built-in.o
  AR      sound/i2c/other/built-in.o
  AR      sound/i2c/built-in.o
  AR      sound/isa/ad1816a/built-in.o
  CC      fs/jbd2/revoke.o
  CC      drivers/clk/clk-fixed-factor.o
  AR      sound/isa/ad1848/built-in.o
  AR      sound/isa/cs423x/built-in.o
  AR      sound/isa/es1688/built-in.o
  AR      sound/isa/galaxy/built-in.o
  AR      sound/isa/gus/built-in.o
  AR      sound/isa/msnd/built-in.o
  AR      sound/isa/opti9xx/built-in.o
  AR      sound/isa/sb/built-in.o
  CC      drivers/clk/clk-fixed-rate.o
  AR      sound/isa/wavefront/built-in.o
  AR      sound/isa/wss/built-in.o
  AR      sound/isa/built-in.o
  AR      sound/mips/built-in.o
  CC      fs/jbd2/journal.o
  AR      sound/parisc/built-in.o
  AR      sound/pci/ac97/built-in.o
  AR      sound/pci/ali5451/built-in.o
  CC      drivers/clk/clk-gate.o
  AR      sound/pci/asihpi/built-in.o
  AR      sound/pci/au88x0/built-in.o
  AR      sound/pci/aw2/built-in.o
  AR      sound/pci/ca0106/built-in.o
  AR      sound/pci/cs46xx/built-in.o
  AR      sound/pci/cs5535audio/built-in.o
  AR      sound/pci/ctxfi/built-in.o
  AR      sound/pci/echoaudio/built-in.o
  CC      drivers/clk/clk-multiplier.o
  AR      sound/pci/emu10k1/built-in.o
  AR      sound/pci/hda/built-in.o
  AR      sound/pci/ice1712/built-in.o
  AR      sound/pci/korg1212/built-in.o
  AR      sound/pci/lola/built-in.o
  AR      sound/pci/lx6464es/built-in.o
  AR      sound/pci/mixart/built-in.o
  CC      drivers/clk/clk-mux.o
  AR      sound/pci/nm256/built-in.o
  AR      sound/pci/oxygen/built-in.o
  AR      fs/jbd2/jbd2.o
  AR      sound/pci/pcxhr/built-in.o
  AR      fs/jbd2/built-in.o
  AR      sound/pci/riptide/built-in.o
  CC      fs/kernfs/mount.o
  AR      sound/pci/rme9652/built-in.o
  AR      sound/pci/trident/built-in.o
  AR      sound/pci/vx222/built-in.o
  CC      drivers/clk/clk-composite.o
  AR      sound/pci/ymfpci/built-in.o
  AR      sound/pci/built-in.o
  AR      sound/pcmcia/pdaudiocf/built-in.o
  AR      sound/pcmcia/vx/built-in.o
  AR      sound/pcmcia/built-in.o
  CC      fs/kernfs/inode.o
  AR      sound/ppc/built-in.o
  CC      drivers/clk/clk-fractional-divider.o
  AR      sound/sh/built-in.o
  CC      sound/soc/soc-core.o
  CC      drivers/clk/clk-gpio.o
  CC      fs/kernfs/dir.o
  CC      drivers/clk/clk-conf.o
  CC      fs/kernfs/file.o
  CC      sound/soc/soc-dapm.o
  AR      drivers/clk/bcm/built-in.o
  AR      drivers/clk/imgtec/built-in.o
  CC      drivers/clk/mediatek/clk-fixup-div.o
  CC      fs/kernfs/symlink.o
  CC      drivers/clk/mediatek/clk-mtk.o
  AR      fs/kernfs/built-in.o
  CC      fs/nls/nls_base.o
  CC      sound/soc/soc-jack.o
  CC      drivers/clk/mediatek/clk-pll.o
  CC      fs/nls/nls_cp437.o
  CC      drivers/clk/mediatek/clk-gate.o
  CC      sound/soc/soc-cache.o
  CC      fs/nls/nls_cp950.o
  CC      drivers/clk/mediatek/clk-apmixed.o
  CC      fs/nls/nls_ascii.o
  CC      sound/soc/soc-utils.o
  CC      drivers/clk/mediatek/clk-cpumux.o
  CC      fs/nls/nls_iso8859-1.o
  CC      drivers/clk/mediatek/clk-mux.o
  CC      sound/soc/soc-pcm.o
  CC      fs/nls/nls_utf8.o
  CC      drivers/clk/mediatek/clk-mt6785.o
  AR      fs/nls/built-in.o
  CC      fs/nomount/nomount.o
  CC      drivers/clk/mediatek/clk-mt6785-pg.o
  CC      sound/soc/soc-io.o
  CC      drivers/clk/mediatek/clk-mtk-v1.o
  CC      sound/soc/soc-devres.o
  AR      fs/nomount/built-in.o
  CC      fs/notify/fsnotify.o
  CC      drivers/clk/mediatek/clkdbg.o
  CC      sound/soc/soc-ops.o
  CC      fs/notify/notification.o
  CC      drivers/clk/mediatek/clkchk.o
  CC      sound/soc/soc-compress.o
  CC      fs/notify/group.o
  CC      drivers/clk/mediatek/clkdbg-mt6785.o
  CC      fs/notify/mark.o
  AR      sound/soc/adi/built-in.o
  AR      sound/soc/amd/built-in.o
  AR      sound/soc/atmel/built-in.o
  AR      sound/soc/au1x/built-in.o
  AR      sound/soc/bcm/built-in.o
  AR      sound/soc/blackfin/built-in.o
  AR      sound/soc/cirrus/built-in.o
  CC      drivers/clk/mediatek/clkchk-mt6785.o
  CC      sound/soc/codecs/mt6359.o
  CC      fs/notify/fdinfo.o
  AR      drivers/clk/mediatek/built-in.o
  AR      drivers/clk/mvebu/built-in.o
  AR      drivers/clk/renesas/built-in.o
  AR      drivers/clk/ti/built-in.o
  AR      drivers/clk/built-in.o
  CC      drivers/clocksource/timer-of.o
  CC      fs/notify/dnotify/dnotify.o
  CC      drivers/clocksource/timer-probe.o
  AR      fs/notify/dnotify/built-in.o
  AR      fs/notify/fanotify/built-in.o
  CC      fs/notify/inotify/inotify_fsnotify.o
  CC      drivers/clocksource/mmio.o
  CC      sound/soc/codecs/tfa98xx/src/tfa98xx.o
  CC      fs/notify/inotify/inotify_user.o
  CC      drivers/clocksource/mtk_apxgpt.o
  AR      fs/notify/inotify/built-in.o
  AR      fs/notify/built-in.o
  CC      fs/ntfs/aops.o
  CC      drivers/clocksource/mtk_systimer.o
  CC      sound/soc/codecs/tfa98xx/src/tfa_container.o
  CC      kernel/stop_machine.o
  CC      drivers/clocksource/arm_arch_timer.o
  CC      fs/ntfs/attrib.o
  CC      sound/soc/codecs/tfa98xx/src/tfa_dsp.o
  CC      kernel/hung_task.o
  CC      drivers/clocksource/dummy_timer.o
  CC      fs/ntfs/collate.o
  AR      drivers/clocksource/built-in.o
  CC      drivers/cpufreq/cpufreq.o
  CC      kernel/seccomp.o
  CC      fs/ntfs/compress.o
  CC      sound/soc/codecs/tfa98xx/src/tfa_init.o
  AR      sound/soc/codecs/tfa98xx/snd-soc-tfa98xx.o
  AR      sound/soc/codecs/tfa98xx/built-in.o
  AR      sound/soc/codecs/snd-soc-mt6359.o
  AR      sound/soc/codecs/built-in.o
  CC      fs/ntfs/debug.o
  AR      sound/soc/davinci/built-in.o
  AR      sound/soc/dwc/built-in.o
  AR      sound/soc/fsl/built-in.o
  CC      kernel/utsname_sysctl.o
  AR      sound/soc/generic/built-in.o
  AR      sound/soc/hisilicon/built-in.o
  CC      drivers/cpufreq/freq_table.o
  AR      sound/soc/img/built-in.o
  AR      sound/soc/intel/boards/built-in.o
  AR      sound/soc/intel/built-in.o
  AR      sound/soc/jz4740/built-in.o
  AR      sound/soc/kirkwood/built-in.o
  CC      fs/ntfs/dir.o
  CC      kernel/delayacct.o
  CC      sound/soc/mediatek/audio_dsp/mt6785/dsp-platform-mem-control.o
  CC      drivers/cpufreq/cpufreq_stats.o
  CC      kernel/taskstats.o
  CC      drivers/cpufreq/cpufreq_mtk.o
  CC      fs/ntfs/file.o
  AR      sound/soc/mediatek/audio_dsp/mt6785/built-in.o
  CC      sound/soc/mediatek/audio_dsp/audio_buf.o
  CC      drivers/cpufreq/cpufreq_performance.o
  CC      drivers/cpufreq/cpufreq_governor_attr_set.o
  CC      kernel/tsacct.o
  CC      sound/soc/mediatek/audio_dsp/mtk-dsp-dai.o
  CC      fs/ntfs/index.o
  AR      drivers/cpufreq/built-in.o
  CC      drivers/cpuidle/cpuidle.o
  CC      kernel/tracepoint.o
  CC      sound/soc/mediatek/audio_dsp/mtk-dsp-pcm.o
  CC      fs/ntfs/inode.o
  CC      kernel/irq_work.o
  CC      sound/soc/mediatek/audio_dsp/mtk-dsp-common.o
  CC      drivers/cpuidle/driver.o
  CC      fs/ntfs/mft.o
  CC      kernel/cpu_pm.o
  CC      drivers/cpuidle/governor.o
  CC      sound/soc/mediatek/audio_dsp/mtk-dsp-platform-driver.o
  CC      drivers/cpuidle/sysfs.o
  CC      kernel/memremap.o
  CC      fs/ntfs/mst.o
  CC      sound/soc/mediatek/audio_dsp/mtk-dsp-mem-control.o
  CC      drivers/cpuidle/governors/mtk_menu.o
  CC      kernel/rseq.o
  CC      fs/ntfs/namei.o
  AR      sound/soc/mediatek/audio_dsp/built-in.o
  CC      sound/soc/mediatek/common/mtk-mmap-ion.o
  CC      drivers/cpuidle/governors/teo.o
  CC      fs/ntfs/runlist.o
  CHK     kernel/config_data.h
  UPD     kernel/config_data.h
  CC      kernel/kheaders.o
  CC      sound/soc/mediatek/common/mtk-afe-platform-driver.o
  AR      drivers/cpuidle/governors/built-in.o
  CC      drivers/cpuidle/cpuidle-mtk_acao.o
  CC      kernel/configs.o
  CC      fs/ntfs/super.o
  CC      sound/soc/mediatek/common/mtk-afe-fe-dai.o
  AR      kernel/built-in.o
  AR      drivers/crypto/built-in.o
  CC      fs/ntfs/sysctl.o
  AR      sound/sparc/built-in.o
  AR      drivers/cpuidle/built-in.o
  CC      fs/overlayfs/super.o
  CC      drivers/dax/super.o
  CC      sound/soc/mediatek/common/mtk-sram-manager.o
  CC      fs/ntfs/unistr.o
  CC      fs/overlayfs/namei.o
  AR      drivers/dax/dax.o
  AR      drivers/dax/built-in.o
  CC      drivers/devfreq/devfreq.o
  CC      sound/soc/mediatek/common/mtk-sp-pcm-ops.o
  CC      fs/overlayfs/util.o
  CC      fs/ntfs/upcase.o
  CC      drivers/devfreq/governor_simpleondemand.o
  CC      fs/overlayfs/inode.o
  CC      sound/soc/mediatek/common/mtk-afe-debug.o
  CC      drivers/devfreq/helio-dvfsrc-v3/helio-dvfsrc-qos.o
  CC      fs/ntfs/bitmap.o
  CC      fs/overlayfs/dir.o
  CC      sound/soc/mediatek/common/mtk-sp-spk-amp.o
  CC      drivers/devfreq/helio-dvfsrc-v3/helio-dvfsrc-sysfs.o
  CC      fs/ntfs/lcnalloc.o
  CC      fs/overlayfs/readdir.o
  CC      drivers/devfreq/helio-dvfsrc-v3/helio-dvfsrc-opp.o
  CC      sound/soc/mediatek/common/mtk-usip.o
  CC      fs/ntfs/logfile.o
  CC      drivers/devfreq/helio-dvfsrc-v3/helio-dvfsrc-opp-mt6785.o
  CC      fs/overlayfs/copy_up.o
  CC      sound/soc/mediatek/common/mtk-btcvsd.o
  CC      fs/ntfs/quota.o
  CC      drivers/devfreq/helio-dvfsrc-v3/helio-dvfsrc-mt6785.o
  AR      fs/overlayfs/overlay.o
  AR      fs/overlayfs/built-in.o
  AR      sound/soc/mxs/built-in.o
  CC      sound/soc/mediatek/common_int/mtk-auddrv-devtree-parser.o
  CC      fs/ntfs/usnjrnl.o
  AR      sound/soc/mediatek/common/snd-soc-mtk-common.o
  AR      sound/soc/mediatek/common/snd-soc-mtk-sp-common.o
  AR      sound/soc/mediatek/common/built-in.o
  CC      drivers/devfreq/helio-dvfsrc-v3/helio-dvfsrc-ip-v2.o
  AR      sound/soc/nuc900/built-in.o
  AR      sound/spi/built-in.o
  CC      drivers/dma/dmaengine.o
  CC      sound/soc/mediatek/common_int/mtk-soc-offload-common.o
  AR      fs/ntfs/ntfs.o
  AR      fs/ntfs/built-in.o
  CC      fs/proc/task_mmu.o
  AR      drivers/devfreq/helio-dvfsrc-v3/built-in.o
  AR      drivers/devfreq/built-in.o
  CC      sound/soc/mediatek/mt6785/mt6785-afe-pcm.o
  CC      drivers/dma/virt-dma.o
  AR      sound/soc/mediatek/common_int/built-in.o
  CC      sound/soc/mediatek/scp_vow/mt6785/mtk-scp-vow-platform.o
  CC      fs/proc/inode.o
  CC      drivers/dma/of-dma.o
  CC      sound/soc/mediatek/mt6785/mt6785-afe-clk.o
  AR      sound/soc/mediatek/scp_vow/mt6785/built-in.o
  CC      sound/soc/mediatek/scp_vow/mtk-scp-vow-common.o
  CC      fs/proc/root.o
  CC      drivers/dma/8250_mtk_dma.o
  AR      sound/soc/mediatek/scp_vow/built-in.o
  CC      sound/soc/mediatek/mt6785/mt6785-afe-gpio.o
  CC      drivers/dma-buf/dma-buf.o
  CC      fs/proc/base.o
  AR      drivers/dma/qcom/built-in.o
  AR      drivers/dma/xilinx/built-in.o
  AR      drivers/dma/built-in.o
  AR      sound/soc/omap/built-in.o
  CC      sound/soc/mediatek/mt6785/mt6785-dai-adda.o
  CC      drivers/dma-buf/dma-fence.o
  AR      sound/synth/emux/built-in.o
  AR      sound/synth/built-in.o
  CC      fs/pstore/inode.o
  CC      fs/proc/generic.o
  CC      sound/soc/mediatek/mt6785/mt6785-afe-control.o
  CC      fs/pstore/platform.o
  CC      drivers/dma-buf/dma-fence-array.o
  CC      fs/proc/array.o
  CC      drivers/dma-buf/reservation.o
  CC      fs/pstore/pmsg.o
  CC      sound/soc/mediatek/mt6785/mt6785-dai-i2s.o
  CC      drivers/dma-buf/seqno-fence.o
  CC      fs/pstore/ram.o
  CC      sound/soc/mediatek/mt6785/mt6785-dai-hw-gain.o
  CC      fs/proc/fd.o
  CC      drivers/dma-buf/sync_file.o
  CC      fs/pstore/ram_core.o
  CC      sound/soc/mediatek/mt6785/mt6785-dai-src.o
  CC      fs/proc/proc_tty.o
  AR      drivers/dma-buf/built-in.o
  CC      drivers/extcon/extcon.o
  AR      fs/pstore/pstore.o
  AR      fs/pstore/ramoops.o
  AR      fs/pstore/built-in.o
  MK_FW   firmware/novatek_ts_fw.bin.gen.S
  IHEX    firmware/novatek_ts_fw.bin
  MK_FW   firmware/novatek_ts_mp.bin.gen.S
  IHEX    firmware/novatek_ts_mp.bin
  MK_FW   firmware/novatek_nt36672a_g7_fw01.bin.gen.S
  IHEX    firmware/novatek_nt36672a_g7_fw01.bin
  MK_FW   firmware/novatek_nt36672a_g7_mp01.bin.gen.S
  IHEX    firmware/novatek_nt36672a_g7_mp01.bin
  MK_FW   firmware/novatek_nt36672a_g7_fw02.bin.gen.S
  IHEX    firmware/novatek_nt36672a_g7_fw02.bin
  CC      fs/proc/cmdline.o
  MK_FW   firmware/novatek_nt36672a_g7_mp02.bin.gen.S
  IHEX    firmware/novatek_nt36672a_g7_mp02.bin
  CC      sound/soc/mediatek/mt6785/mt6785-dai-pcm.o
  MK_FW   firmware/focaltech_ts_fw_xinli.bin.gen.S
  IHEX    firmware/focaltech_ts_fw_xinli.bin
  MK_FW   firmware/focaltech_ts_fw_xinli3th.bin.gen.S
  IHEX    firmware/focaltech_ts_fw_xinli3th.bin
  AS      firmware/novatek_ts_fw.bin.gen.o
  AS      firmware/novatek_ts_mp.bin.gen.o
  CC      drivers/extcon/devres.o
  AS      firmware/novatek_nt36672a_g7_fw01.bin.gen.o
  AS      firmware/novatek_nt36672a_g7_mp01.bin.gen.o
  AS      firmware/novatek_nt36672a_g7_fw02.bin.gen.o
  CC      fs/proc/consoles.o
  AS      firmware/novatek_nt36672a_g7_mp02.bin.gen.o
  AS      firmware/focaltech_ts_fw_xinli.bin.gen.o
  CC      sound/soc/mediatek/mt6785/mt6785-dai-tdm.o
  AS      firmware/focaltech_ts_fw_xinli3th.bin.gen.o
  CC      drivers/extcon/mediatek/extcon_usb.o
  AR      firmware/built-in.o
  AR      sound/soc/pxa/built-in.o
  CC      net/socket.o
  CC      fs/proc/cpuinfo.o
  CC      drivers/extcon/mediatek/boost_manager.o
  CC      sound/soc/mediatek/mt6785/mt6785-dai-hostless.o
  CC      fs/proc/devices.o
  CC      drivers/extcon/mediatek/usb-tcpc.o
  CC      fs/proc/interrupts.o
  CC      sound/soc/mediatek/mt6785/mt6785-misc-control.o
  CC      drivers/extcon/mediatek/usb_dual_role.o
  CC      fs/proc/loadavg.o
  CC      net/802/p8022.o
  AR      drivers/extcon/mediatek/built-in.o
  CC      sound/soc/mediatek/mt6785/mt6785-mt6359.o
  AR      drivers/extcon/extcon-core.o
  AR      drivers/extcon/built-in.o
  CC      fs/proc/meminfo.o
  AR      drivers/firewire/built-in.o
  CC      drivers/firmware/psci.o
  CC      net/802/psnap.o
  AR      sound/soc/mediatek/mt6785/snd-soc-mt6785-afe.o
  CC      fs/proc/stat.o
  AR      sound/soc/mediatek/mt6785/built-in.o
  AR      sound/soc/mediatek/built-in.o
  AR      sound/soc/qcom/built-in.o
  AR      sound/soc/rockchip/built-in.o
  AR      sound/soc/samsung/built-in.o
  AR      drivers/firmware/broadcom/built-in.o
  AR      sound/soc/sh/built-in.o
  AR      drivers/firmware/meson/built-in.o
  AR      sound/soc/sirf/built-in.o
  AR      drivers/firmware/tegra/built-in.o
  AR      drivers/firmware/built-in.o
  AR      sound/soc/spear/built-in.o
  AR      sound/soc/sti/built-in.o
  CC      drivers/gpio/devres.o
  AR      sound/soc/stm/built-in.o
  AR      sound/soc/sunxi/built-in.o
  AR      sound/soc/tegra/built-in.o
  AR      sound/soc/txx9/built-in.o
  AR      sound/soc/ux500/built-in.o
  AR      sound/soc/xtensa/built-in.o
  AR      sound/soc/zte/built-in.o
  CC      fs/proc/uptime.o
  AR      sound/soc/snd-soc-core.o
  AR      sound/soc/built-in.o
  CC      net/802/stp.o
  CC      sound/usb/card.o
  CC      drivers/gpio/gpiolib.o
  CC      fs/proc/version.o
  CC      fs/proc/softirqs.o
  CC      sound/usb/clock.o
  AR      net/802/built-in.o
  CC      net/8021q/vlan_core.o
  CC      fs/proc/namespaces.o
  CC      drivers/gpio/gpiolib-legacy.o
  CC      sound/usb/endpoint.o
  CC      net/8021q/vlan.o
  CC      drivers/gpio/gpiolib-devprop.o
  CC      fs/proc/self.o
  CC      sound/usb/format.o
  CC      drivers/gpio/gpiolib-of.o
  CC      fs/proc/thread_self.o
  CC      net/8021q/vlan_dev.o
  AR      drivers/gpio/built-in.o
  CC      fs/proc/uid.o
  CC      sound/usb/helper.o
  AR      drivers/gpu/drm/bridge/synopsys/built-in.o
  AR      drivers/gpu/drm/bridge/built-in.o
  AR      drivers/gpu/drm/hisilicon/built-in.o
  AR      drivers/gpu/drm/i2c/built-in.o
  AR      drivers/gpu/drm/omapdrm/displays/built-in.o
  AR      drivers/gpu/drm/omapdrm/dss/built-in.o
  AR      drivers/gpu/drm/omapdrm/built-in.o
  AR      drivers/gpu/drm/panel/built-in.o
  AR      drivers/gpu/drm/tilcdc/built-in.o
  AR      drivers/gpu/drm/built-in.o
  AR      drivers/gpu/vga/built-in.o
  AR      drivers/gpu/built-in.o
  CC      sound/usb/mixer.o
  CC      fs/proc/proc_sysctl.o
  CC      drivers/hid/hid-core.o
  CC      net/8021q/vlan_netlink.o
  CC      sound/usb/mixer_quirks.o
  CC      fs/proc/proc_net.o
  CC      drivers/hid/hid-input.o
  CC      net/8021q/vlanproc.o
  CC      sound/usb/mixer_scarlett.o
  CC      fs/proc/kmsg.o
  CC      drivers/hid/hid-debug.o
  AR      net/8021q/8021q.o
  AR      net/8021q/built-in.o
  CC      net/bpf/test_run.o
  CC      fs/proc/page.o
  CC      sound/usb/mixer_us16x08.o
  CC      drivers/hid/hidraw.o
  CC      sound/usb/pcm.o
  AR      fs/proc/proc.o
  AR      fs/proc/built-in.o
  CC      fs/quota/dquot.o
  CC      drivers/hid/uhid.o
  AR      net/bpf/built-in.o
  CC      net/bridge/br.o
  CC      sound/usb/proc.o
  CC      drivers/hid/hid-generic.o
  CC      fs/quota/quota_v2.o
  CC      drivers/hid/hid-a4tech.o
  CC      sound/usb/quirks.o
  CC      net/bridge/br_device.o
  CC      fs/quota/quota_tree.o
  CC      drivers/hid/hid-apple.o
  CC      sound/usb/stream.o
  CC      fs/quota/quota.o
  CC      drivers/hid/hid-belkin.o
  CC      net/bridge/br_fdb.o
  CC      sound/usb/midi.o
  CC      drivers/hid/hid-cherry.o
  CC      fs/quota/kqid.o
  CC      drivers/hid/hid-chicony.o
  CC      fs/quota/netlink.o
  AR      sound/usb/6fire/built-in.o
  AR      sound/usb/bcd2000/built-in.o
  CC      net/bridge/br_forward.o
  AR      sound/usb/caiaq/built-in.o
  AR      sound/usb/hiface/built-in.o
  CC      drivers/hid/hid-cypress.o
  AR      sound/usb/misc/built-in.o
  AR      sound/usb/usx2y/built-in.o
  AR      sound/usb/snd-usb-audio.o
  AR      sound/usb/snd-usbmidi-lib.o
  AR      sound/usb/built-in.o
  AR      sound/x86/built-in.o
  CC      sound/last.o
  AR      fs/quota/built-in.o
  CC      fs/ramfs/inode.o
  CC      drivers/hid/hid-dr.o
  AR      sound/soundcore.o
  AR      sound/built-in.o
  CC      net/bridge/br_if.o
  CC      fs/ramfs/file-mmu.o
  CC      drivers/hid/hid-ezkey.o
  CC      fs/sdcardfs/dentry.o
  CC      drivers/hid/hid-gyration.o
  AR      fs/ramfs/ramfs.o
  AR      fs/ramfs/built-in.o
  CC      fs/sdcardfs/file.o
  AS      arch/arm64/lib/crc32.o
  AS      arch/arm64/lib/bitops.o
  CC      net/bridge/br_input.o
  AS      arch/arm64/lib/clear_page.o
  AS      arch/arm64/lib/clear_user.o
  CC      drivers/hid/hid-kensington.o
  AS      arch/arm64/lib/copy_from_user.o
  AS      arch/arm64/lib/copy_in_user.o
  CC      fs/sdcardfs/inode.o
  AS      arch/arm64/lib/copy_page.o
  AS      arch/arm64/lib/copy_to_user.o
  CC      arch/arm64/lib/delay.o
  CC      drivers/hid/hid-kye.o
  CC      fs/sdcardfs/main.o
  AS      arch/arm64/lib/memchr.o
  CC      net/bridge/br_ioctl.o
  AS      arch/arm64/lib/memcmp.o
  CC      drivers/hid/hid-lg.o
  AS      arch/arm64/lib/memcpy.o
  AS      arch/arm64/lib/memmove.o
  AS      arch/arm64/lib/memset.o
  AS      arch/arm64/lib/strchr.o
  CC      fs/sdcardfs/super.o
  AS      arch/arm64/lib/strcmp.o
  CC      drivers/hid/hid-magicmouse.o
  AS      arch/arm64/lib/strlen.o
  AS      arch/arm64/lib/strncmp.o
  AS      arch/arm64/lib/strnlen.o
  AS      arch/arm64/lib/strrchr.o
  AR      arch/arm64/lib/lib.a
  CC      fs/sdcardfs/lookup.o
  EXPORTS arch/arm64/lib/lib-ksyms.o
  CC      net/bridge/br_stp.o
  CC      drivers/hid/hid-microsoft.o
  CC      fs/sdcardfs/mmap.o
  CC      drivers/hid/hid-monterey.o
  AR      arch/arm64/lib/built-in.o
  AR      drivers/hwtracing/intel_th/built-in.o
  CC      net/core/sock.o
  CC      drivers/hid/hid-multitouch.o
  CC      fs/sdcardfs/packagelist.o
  CC      net/bridge/br_stp_bpdu.o
  CC      drivers/hid/hid-nintendo.o
  CC      net/bridge/br_stp_if.o
  CC      drivers/hid/hid-pl.o
  CC      net/core/request_sock.o
  CC      drivers/hid/hid-petalynx.o
  CC      drivers/hid/hid-plantronics.o
  CC      net/bridge/br_stp_timer.o
  CC      net/core/skbuff.o
  CC      drivers/hid/hid-samsung.o
  CC      drivers/hid/hid-sjoy.o
  CC      net/bridge/br_netlink.o
  CC      drivers/hid/hid-sony.o
  CC      fs/sdcardfs/derived_perm.o
  CC      net/bridge/br_netlink_tunnel.o
  CC      drivers/hid/hid-sunplus.o
  CC      net/core/datagram.o
  AR      fs/sdcardfs/sdcardfs.o
  AR      fs/sdcardfs/built-in.o
  CC      fs/sysfs/file.o
  CC      drivers/hid/hid-gaff.o
  CC      fs/sysfs/dir.o
  CC      drivers/hid/hid-tmff.o
  CC      net/bridge/br_sysfs_if.o
  CC      fs/sysfs/symlink.o
  CC      net/core/stream.o
  CC      drivers/hid/hid-topseed.o
  CC      fs/sysfs/mount.o
  CC      drivers/hid/hid-twinhan.o
  CC      net/bridge/br_sysfs_br.o
  CC      fs/sysfs/group.o
  CC      net/core/scm.o
  CC      drivers/hid/hid-zpff.o
  AR      fs/sysfs/built-in.o
  CC      fs/tracefs/inode.o
  CC      drivers/hid/usbhid/hid-core.o
  CC      net/bridge/br_multicast.o
  AR      fs/tracefs/tracefs.o
  CC      net/core/gen_stats.o
  AR      fs/tracefs/built-in.o
  CC      fs/verity/enable.o
  CC      drivers/hid/usbhid/hid-quirks.o
  CC      net/core/gen_estimator.o
  CC      fs/verity/hash_algs.o
  AR      drivers/hid/usbhid/usbhid.o
  AR      drivers/hid/usbhid/built-in.o
  AR      drivers/hid/hid.o
  AR      drivers/hid/hid-logitech.o
  AR      drivers/hid/built-in.o
  CC      drivers/i2c/i2c-boardinfo.o
  CC      fs/verity/init.o
  CC      net/bridge/br_mdb.o
  CC      drivers/i2c/i2c-core-base.o
  CC      net/core/net_namespace.o
  CC      fs/verity/measure.o
  CC      fs/verity/open.o
  AR      net/bridge/netfilter/built-in.o
  AR      net/bridge/bridge.o
  CC      drivers/i2c/i2c-core-smbus.o
  AR      net/bridge/built-in.o
  CC      fs/verity/read_metadata.o
  CC      fs/eventpoll.o
  CC      net/core/secure_seq.o
  CC      fs/verity/verify.o
  CC      drivers/i2c/i2c-core-of.o
  CC      net/core/flow_dissector.o
  CC      fs/verity/signature.o
  CC      drivers/i2c/i2c-dev.o
  CC      lib/lockref.o
  CC      lib/bcd.o
  CC      lib/div64.o
  AR      fs/verity/built-in.o
  CC      lib/sort.o
  CC      fs/anon_inodes.o
  CC      lib/parser.o
  CC      drivers/i2c/i2c-mux.o
  CC      lib/debug_locks.o
  CC      fs/signalfd.o
  CC      lib/random32.o
  CC      net/core/sysctl_net_core.o
  AR      drivers/i2c/algos/built-in.o
  CC      drivers/i2c/busses/i2c-mtk.o
  CC      lib/bust_spinlocks.o
  CC      fs/timerfd.o
  CC      lib/kasprintf.o
  AR      drivers/i2c/busses/built-in.o
  AR      drivers/i2c/muxes/built-in.o
  AR      drivers/i2c/i2c-core.o
  AR      drivers/i2c/built-in.o
  CC      net/core/dev.o
  AR      drivers/idle/built-in.o
  CC      lib/bitmap.o
  CC      drivers/iio/industrialio-core.o
  CC      fs/eventfd.o
  CC      lib/scatterlist.o
  CC      drivers/iio/industrialio-event.o
  CC      fs/userfaultfd.o
  CC      lib/gcd.o
  CC      lib/lcm.o
  CC      drivers/iio/inkern.o
  CC      lib/list_sort.o
  CC      lib/uuid.o
  CC      lib/flex_array.o
  CC      fs/aio.o
  CC      drivers/iio/industrialio-buffer.o
  CC      lib/iov_iter.o
  CC      net/core/ethtool.o
  AR      drivers/iio/accel/built-in.o
  CC      drivers/iio/adc/mt6577_auxadc.o
  CC      lib/clz_ctz.o
  CC      fs/locks.o
  CC      lib/bsearch.o
  CC      drivers/iio/adc/mt635x-auxadc.o
  CC      lib/find_bit.o
  CC      net/core/dev_addr_lists.o
  CC      lib/llist.o
  CC      lib/memweight.o
  CC      lib/kfifo.o
  AR      drivers/iio/adc/built-in.o
  AR      drivers/iio/amplifiers/built-in.o
  CC      drivers/iio/buffer/kfifo_buf.o
  CC      fs/compat.o
  CC      net/core/dst.o
  CC      lib/percpu-refcount.o
  AR      drivers/iio/buffer/built-in.o
  AR      drivers/iio/chemical/built-in.o
  AR      drivers/iio/common/cros_ec_sensors/built-in.o
  AR      drivers/iio/common/hid-sensors/built-in.o
  CC      fs/compat_ioctl.o
  AR      drivers/iio/common/ms_sensors/built-in.o
  CC      lib/percpu_ida.o
  AR      drivers/iio/common/ssp_sensors/built-in.o
  AR      drivers/iio/common/st_sensors/built-in.o
  AR      drivers/iio/common/built-in.o
  AR      drivers/iio/counter/built-in.o
  AR      drivers/iio/dac/built-in.o
  AR      drivers/iio/dummy/built-in.o
  AR      drivers/iio/frequency/built-in.o
  AR      drivers/iio/gyro/built-in.o
  AR      drivers/iio/health/built-in.o
  AR      drivers/iio/humidity/built-in.o
  AR      drivers/iio/imu/bmi160/built-in.o
  CC      lib/rhashtable.o
  AR      drivers/iio/imu/inv_mpu6050/built-in.o
  CC      net/core/netevent.o
  AR      drivers/iio/imu/st_lsm6dsx/built-in.o
  AR      drivers/iio/imu/built-in.o
  AR      drivers/iio/light/built-in.o
  AR      drivers/iio/magnetometer/built-in.o
  AR      drivers/iio/multiplexer/built-in.o
  AR      drivers/iio/orientation/built-in.o
  AR      drivers/iio/potentiometer/built-in.o
  AR      drivers/iio/potentiostat/built-in.o
  AR      drivers/iio/pressure/built-in.o
  AR      drivers/iio/proximity/built-in.o
  AR      drivers/iio/temperature/built-in.o
  AR      drivers/iio/trigger/built-in.o
  AR      drivers/iio/industrialio.o
  AR      drivers/iio/built-in.o
  CC      drivers/input/input.o
  CC      lib/reciprocal_div.o
  CC      net/core/neighbour.o
  CC      lib/once.o
  CC      fs/binfmt_script.o
  CC      lib/refcount.o
  CC      lib/usercopy.o
  CC      drivers/input/input-compat.o
  CC      fs/binfmt_elf.o
  CC      lib/errseq.o
  CC      lib/string_helpers.o
  CC      drivers/input/input-mt.o
  CC      net/core/rtnetlink.o
  CC      lib/hexdump.o
  CC      fs/compat_binfmt_elf.o
  CC      drivers/input/ff-core.o
  CC      lib/kstrtox.o
  CC      drivers/input/ff-memless.o
  CC      lib/pci_iomap.o
  CC      fs/mbcache.o
  CC      drivers/input/input-leds.o
  CC      lib/iomap_copy.o
  CC      fs/posix_acl.o
  CC      net/core/utils.o
  CC      lib/devres.o
  CC      drivers/input/evdev.o
  CC      fs/coredump.o
  CC      lib/hweight.o
  CC      lib/btree.o
  CC      net/core/link_watch.o
  CC      drivers/input/fingerprint/goodix_5658/gf_spi_tee.o
  CC      lib/assoc_array.o
  CC      fs/drop_caches.o
  CC      lib/bitrev.o
  CC      lib/rational.o
  CC      net/core/filter.o
  CC      lib/crc-ccitt.o
  CC      fs/dcookies.o
  CC      drivers/input/fingerprint/goodix_5658/gf_spi_factory.o
  CC      lib/crc16.o
  HOSTCC  lib/gen_crc32table
  AR      fs/built-in.o
  CC      lib/libcrc32c.o
  CC      net/ethernet/eth.o
  AR      drivers/input/fingerprint/goodix_5658/built-in.o
  CC      drivers/input/fingerprint/fpc_1511/fpc1022_tee.o
  CC      lib/crc8.o
  CC      lib/xxhash.o
  AR      drivers/input/fingerprint/built-in.o
  CC      drivers/input/joystick/xpad.o
  AR      net/ethernet/built-in.o
  CC      drivers/iommu/iommu.o
  CC      lib/genalloc.o
  CC      net/core/sock_diag.o
  AR      drivers/input/joystick/built-in.o
  CC      drivers/input/keyboard/mediatek/kpd.o
  CC      lib/crypto/blake2s.o
  CC      drivers/iommu/iommu-traces.o
  CC      lib/crypto/blake2s-generic.o
  CC      drivers/input/keyboard/mediatek/mt6785/hal_kpd.o
  CC      net/core/dev_ioctl.o
  CC      drivers/iommu/iommu-sysfs.o
  AR      lib/crypto/libblake2s.o
  AR      lib/crypto/built-in.o
  CC      lib/fonts/fonts.o
  AR      drivers/input/keyboard/mediatek/mt6785/built-in.o
  AR      drivers/input/keyboard/mediatek/built-in.o
  AR      drivers/input/keyboard/built-in.o
  CC      drivers/input/misc/uinput.o
  CC      drivers/iommu/dma-iommu.o
  CC      lib/fonts/font_8x16.o
  CC      net/core/tso.o
  AR      lib/fonts/font.o
  AR      lib/fonts/built-in.o
  CC      lib/lz4/lz4_compress.o
  AR      drivers/input/misc/built-in.o
  CC      drivers/input/touchscreen/double_click.o
  CC      drivers/iommu/iova.o
  CC      drivers/input/touchscreen/of_touchscreen.o
  CC      net/core/sock_reuseport.o
  CC      lib/lz4/lz4hc_compress.o
  CC      drivers/input/touchscreen/GT1151/gt1x_generic.o
  CC      drivers/iommu/of_iommu.o
  CC      lib/lz4/lz4_decompress.o
  CC      net/core/fib_notifier.o
  CC      drivers/input/touchscreen/GT1151/gt1x_tpd.o
  AR      drivers/iommu/built-in.o
  CC      lib/lz4/lz4armv8/lz4accel.o
  CC      net/ipv4/route.o
  AS      lib/lz4/lz4armv8/lz4armv8.o
  AR      lib/lz4/built-in.o
  CC      lib/mpi/generic_mpih-lshift.o
  CC      drivers/input/touchscreen/GT1151/gt1x_update.o
  CC      net/core/xdp.o
  CC      lib/mpi/generic_mpih-mul1.o
  CC      drivers/input/touchscreen/GT1151/tpd_control.o
  CC      lib/mpi/generic_mpih-mul2.o
  CC      net/ipv4/inetpeer.o
  CC      net/core/net-sysfs.o
  CC      lib/mpi/generic_mpih-mul3.o
  CC      drivers/input/touchscreen/GT1151/tpd_button.o
  CC      net/ipv4/protocol.o
  CC      lib/mpi/generic_mpih-rshift.o
  CC      drivers/input/touchscreen/GT1151/tpd_debug.o
  CC      net/core/net-procfs.o
  CC      lib/mpi/generic_mpih-sub1.o
  CC      drivers/input/touchscreen/GT1151/tpd_default.o
  CC      net/ipv4/ip_input.o
  CC      lib/mpi/generic_mpih-add1.o
  CC      net/core/fib_rules.o
  CC      drivers/input/touchscreen/GT1151/tpd_misc.o
  CC      lib/mpi/mpicoder.o
  CC      drivers/input/touchscreen/GT1151/tpd_setting.o
  CC      net/ipv4/ip_fragment.o
  CC      lib/mpi/mpi-bit.o
  CC      net/core/net-traces.o
  AR      drivers/input/touchscreen/GT1151/built-in.o
  CC      drivers/input/touchscreen/GT9886/goodix_ts_i2c.o
  CC      lib/mpi/mpi-cmp.o
  CC      net/ipv4/ip_forward.o
  CC      lib/mpi/mpih-cmp.o
  CC      drivers/input/touchscreen/GT9886/goodix_ts_core.o
  CC      net/core/dst_cache.o
  CC      lib/mpi/mpih-div.o
  CC      drivers/input/touchscreen/GT9886/goodix_cfg_bin.o
  CC      net/ipv4/ip_options.o
  CC      lib/mpi/mpih-mul.o
  CC      net/core/gro_cells.o
  CC      drivers/input/touchscreen/GT9886/goodix_gtx8_update.o
  CC      lib/mpi/mpi-pow.o
  CC      net/ipv4/ip_output.o
  CC      net/core/bpf_sk_storage.o
  CC      lib/mpi/mpiutil.o
  AR      drivers/input/touchscreen/GT9886/built-in.o
  CC      drivers/input/touchscreen/NT36672A/nt36xxx.o
  AR      lib/mpi/mpi.o
  AR      lib/mpi/built-in.o
  CC      lib/reed_solomon/reed_solomon.o
  AR      net/core/built-in.o
  CC      drivers/input/touchscreen/fts8719/focaltech_core.o
  CC      net/ipv4/ip_sockglue.o
  CC      drivers/input/touchscreen/NT36672A/nt36xxx_fw_update.o
  AR      lib/reed_solomon/built-in.o
  CC      lib/zlib_deflate/deflate.o
  CC      lib/zlib_deflate/deftree.o
  CC      drivers/input/touchscreen/fts8719/focaltech_ex_fun.o
  CC      drivers/input/touchscreen/NT36672A/nt36xxx_ext_proc.o
  CC      net/ipv4/inet_hashtables.o
  CC      lib/zlib_deflate/deflate_syms.o
  CC      drivers/input/touchscreen/NT36672A/nt36xxx_mp_ctrlram_data.o
  CC      drivers/input/touchscreen/fts8719/focaltech_ex_mode.o
  AR      lib/zlib_deflate/zlib_deflate.o
  AR      lib/zlib_deflate/built-in.o
  CC      lib/zlib_inflate/inffast.o
  CC      lib/zlib_inflate/inflate.o
  CC      drivers/input/touchscreen/NT36672A/nt36xxx_mp_ctrlram.o
  CC      drivers/input/touchscreen/fts8719/focaltech_gesture.o
  CC      lib/zlib_inflate/infutil.o
  CC      net/ipv4/inet_timewait_sock.o
  CC      lib/zlib_inflate/inftrees.o
  CC      lib/zlib_inflate/inflate_syms.o
  CC      drivers/input/touchscreen/fts8719/focaltech_esdcheck.o
  AR      drivers/input/touchscreen/NT36672A/built-in.o
  AR      lib/zlib_inflate/zlib_inflate.o
  AR      lib/zlib_inflate/built-in.o
  AR      virt/lib/built-in.o
  AR      virt/built-in.o
  CC      lib/zstd/zstd_compress_module.o
  CC      net/ipv6/af_inet6.o
  CC      drivers/input/touchscreen/fts8719/focaltech_point_report_check.o
  CC      net/ipv4/inet_connection_sock.o
  CC      lib/zstd/compress/fse_compress.o
  CC      lib/zstd/compress/hist.o
  CC      lib/zstd/compress/huf_compress.o
  CC      drivers/input/touchscreen/fts8719/focaltech_test/focaltech_test.o
  CC      lib/zstd/compress/zstd_compress.o
  CC      net/ipv6/anycast.o
  CC      net/ipv4/tcp.o
  CC      drivers/input/touchscreen/fts8719/focaltech_test/focaltech_test_ini.o
  CC      net/ipv6/ip6_output.o
  CC      lib/zstd/compress/zstd_compress_literals.o
  CC      lib/zstd/compress/zstd_compress_sequences.o
  CC      lib/zstd/compress/zstd_compress_superblock.o
  CC      lib/zstd/compress/zstd_double_fast.o
  CC      net/ipv4/tcp_input.o
  CC      drivers/input/touchscreen/fts8719/focaltech_test/supported_ic/focaltech_test_ft8719.o
  CC      net/ipv6/ip6_input.o
  CC      lib/zstd/compress/zstd_fast.o
  AR      drivers/input/touchscreen/fts8719/focaltech_test/supported_ic/built-in.o
  AR      drivers/input/touchscreen/fts8719/focaltech_test/built-in.o
  CC      drivers/input/touchscreen/fts8719/focaltech_spi.o
  CC      lib/zstd/compress/zstd_lazy.o
  CC      drivers/input/touchscreen/fts8719/focaltech_flash.o
  CC      net/ipv6/addrconf.o
  CC      net/ipv4/tcp_output.o
  AR      drivers/input/touchscreen/fts8719/built-in.o
  CC      drivers/input/touchscreen/xiaomi/xiaomi_touch.o
  AR      drivers/input/touchscreen/xiaomi/built-in.o
  CC      drivers/input/touchscreen/xiaomi-spi-tp/spi-xiaomi-tp.o
  CC      lib/zstd/compress/zstd_ldm.o
  AR      drivers/input/touchscreen/xiaomi-spi-tp/built-in.o
  AR      drivers/input/touchscreen/built-in.o
  CC      lib/zstd/compress/zstd_opt.o
  AR      drivers/input/input-core.o
  CC      net/ipv6/addrlabel.o
  AR      drivers/input/built-in.o
  CC      drivers/irqchip/irqchip.o
  CC      net/ipv4/tcp_timer.o
  CC      drivers/irqchip/irq-gic.o
  CC      lib/zstd/zstd_decompress_module.o
  CC      net/ipv6/route.o
../lib/zstd/zstd_decompress_module.c:80:9: warning: 'ZSTD_resetDStream' is deprecated: use ZSTD_DCtx_reset, see zstd.h for detailed instructions [-Wdeprecated-declarations]
   80 |         return ZSTD_resetDStream(dstream);
      |                ^
../include/linux/zstd_lib.h:2568:1: note: 'ZSTD_resetDStream' has been explicitly marked deprecated here
 2568 | ZSTD_DEPRECATED("use ZSTD_DCtx_reset, see zstd.h for detailed instructions")
      | ^
../include/linux/zstd_lib.h:42:53: note: expanded from macro 'ZSTD_DEPRECATED'
   42 | #    define ZSTD_DEPRECATED(message) __attribute__((deprecated(message)))
      |                                                     ^
1 warning generated.
  CC      lib/zstd/decompress/huf_decompress.o
  CC      net/ipv4/tcp_ipv4.o
  CC      drivers/irqchip/irq-gic-common.o
  CC      drivers/irqchip/irq-gic-v3.o
  CC      lib/zstd/decompress/zstd_ddict.o
  CC      lib/zstd/decompress/zstd_decompress.o
  CC      lib/zstd/decompress/zstd_decompress_block.o
  CC      drivers/irqchip/irq-partition-percpu.o
  CC      net/ipv4/tcp_minisocks.o
  CC      net/ipv6/ip6_fib.o
  CC      lib/zstd/zstd_common_module.o
  CC      drivers/irqchip/irq-mtk-sysirq.o
  CC      lib/zstd/common/debug.o
  CC      lib/zstd/common/entropy_common.o
  CC      lib/zstd/common/error_private.o
  CC      lib/zstd/common/fse_decompress.o
  AR      drivers/irqchip/built-in.o
  CC      net/ipv4/tcp_cong.o
-- KernelSU-Next Git repo detected at: /home/runner/work/kernel_xiaomi_mt6785/kernel_xiaomi_mt6785/KernelSU
-- KernelSU-Next version: 30290
-- KernelSU-Next tag: 
-- KernelSU-Next Manager signature size: 0x3e6
-- KernelSU-Next Manager signature hash: 79e590113c4c4c0c222978e413a5faa801666957b1212a328e46c00c69821bf7
-- KernelSU-Next: Hook mode: Manual
  CC      drivers/kernelsu/core/init.o
  CC      lib/zstd/common/zstd_common.o
  AR      lib/zstd/zstd_compress.o
  CC      net/ipv6/ipv6_sockglue.o
  AR      lib/zstd/zstd_decompress.o
  AR      lib/zstd/zstd_common.o
  AR      lib/zstd/built-in.o
  CC      lib/textsearch.o
  CC      lib/ts_kmp.o
  CC      net/ipv4/tcp_metrics.o
  CC      drivers/kernelsu/compat/kernel_compat.o
  CC      lib/ts_bm.o
  CC      net/ipv6/ndisc.o
  CC      lib/ts_fsm.o
  CC      lib/percpu_counter.o
  CC      drivers/kernelsu/feature/kernel_umount.o
  CC      net/ipv4/tcp_fastopen.o
  CC      lib/swiotlb.o
  CC      net/ipv6/udp.o
  CC      drivers/kernelsu/feature/sulog.o
  CC      net/ipv4/tcp_rate.o
  CC      drivers/kernelsu/feature/sucompat.o
  CC      lib/iommu-helper.o
  CC      lib/iommu-common.o
  CC      net/ipv6/udplite.o
  CC      lib/syscall.o
  CC      net/ipv4/tcp_recovery.o
  CC      drivers/kernelsu/hook/hook_manager.o
  CC      lib/nlattr.o
  CC      drivers/kernelsu/hook/lsm_hooks.o
  CC      net/ipv6/raw.o
  CC      lib/checksum.o
  CC      net/ipv4/tcp_ulp.o
  CC      lib/cpu_rmap.o
  CC      drivers/kernelsu/hook/setuid_hook.o
  CC      lib/dynamic_queue_limits.o
  CC      net/ipv6/icmp.o
  CC      lib/glob.o
  CC      net/ipv4/tcp_offload.o
  CC      lib/strncpy_from_user.o
../drivers/kernelsu/hook/setuid_hook.c:94:10: error: implicit declaration of function 'susfs_is_sid_equal' [-Werror,-Wimplicit-function-declaration]
   94 |     if (!susfs_is_sid_equal(current_cred(), susfs_zygote_sid)) {
      |          ^
1 error generated.
make[3]: *** [../scripts/Makefile.build:359: drivers/kernelsu/hook/setuid_hook.o] Error 1
make[2]: *** [../scripts/Makefile.build:674: drivers/kernelsu] Error 2
make[1]: *** [/home/runner/work/kernel_xiaomi_mt6785/kernel_xiaomi_mt6785/Makefile:1274: drivers] Error 2
make[1]: *** Waiting for unfinished jobs....
  CC      net/key/af_key.o
  CC      lib/strnlen_user.o
  CC      net/ipv6/mcast.o
  CC      net/ipv4/datagram.o
  CC      lib/net_utils.o
  AR      net/key/built-in.o
  CC      net/l2tp/l2tp_core.o
  CC      lib/sg_pool.o
  CC      net/ipv4/raw.o
  CC      lib/asn1_decoder.o
  CC      net/ipv6/reassembly.o
  GEN     lib/oid_registry_data.c
  CC      lib/sbitmap.o
  CC      net/l2tp/l2tp_ppp.o
  CC      net/ipv4/udp.o
  CC      lib/argv_split.o
  CC      net/ipv6/tcp_ipv6.o
  CC      lib/bug.o
  CC      lib/chacha.o
  AR      net/l2tp/built-in.o
  CC      net/ipv6/ping.o
  CC      lib/clz_tab.o
  CC      lib/cmdline.o
  CC      lib/cpumask.o
  CC      net/ipv6/exthdrs.o
  CC      net/ipv4/udplite.o
  CC      lib/ctype.o
  CC      lib/dec_and_lock.o
  CC      net/llc/llc_core.o
  CC      lib/decompress.o
  CC      lib/decompress_inflate.o
  CC      lib/decompress_unlz4.o
  CC      net/llc/llc_input.o
  CC      net/ipv4/udp_offload.o
  CC      net/ipv6/datagram.o
  CC      lib/decompress_unzstd.o
  CC      lib/dump_stack.o
  CC      net/llc/llc_output.o
  CC      lib/earlycpio.o
  CC      net/ipv4/arp.o
  CC      lib/extable.o
  CC      net/ipv6/ip6_flowlabel.o
  CC      lib/fdt.o
  AR      net/llc/llc.o
  AR      net/llc/built-in.o
  CC      net/ipv6/inet6_connection_sock.o
  CC      lib/fdt_empty_tree.o
  CC      lib/fdt_ro.o
  CC      lib/fdt_rw.o
  CC      lib/fdt_strerror.o
  CC      net/ipv4/icmp.o
  CC      lib/fdt_sw.o
  CC      net/netfilter/core.o
  CC      lib/fdt_wip.o
  CC      lib/flex_proportions.o
  CC      net/ipv6/udp_offload.o
  CC      lib/idr.o
  CC      lib/int_sqrt.o
  CC      lib/ioremap.o
  CC      net/netfilter/nf_log.o
  CC      net/ipv4/devinet.o
  CC      net/ipv6/seg6.o
  CC      lib/irq_regs.o
  CC      lib/is_single_threaded.o
  CC      net/netfilter/nf_queue.o
  CC      lib/klist.o
  CC      net/ipv6/fib6_notifier.o
  CC      net/ipv4/af_inet.o
  CC      lib/kobject.o
  CC      net/netfilter/nf_sockopt.o
  CC      lib/kobject_uevent.o
  CC      net/ipv6/sysctl_net_ipv6.o
  CC      net/ipv4/igmp.o
  CC      net/netfilter/nfnetlink.o
  CC      lib/nmi_backtrace.o
  CC      net/ipv6/xfrm6_policy.o
  CC      lib/nodemask.o
  CC      net/netfilter/nfnetlink_queue.o
  CC      lib/plist.o
  CC      lib/radix-tree.o
  CC      net/ipv4/fib_frontend.o
  CC      net/ipv6/xfrm6_state.o
  CC      lib/ratelimit.o
  CC      lib/rbtree.o
  CC      net/netfilter/nfnetlink_log.o
  CC      lib/seq_buf.o
  CC      net/ipv6/xfrm6_input.o
  CC      net/ipv4/fib_semantics.o
  CC      lib/sha1.o
  CC      lib/show_mem.o
  CC      net/netfilter/nf_conntrack_core.o
  CC      net/ipv6/xfrm6_output.o
  CC      lib/siphash.o
  CC      net/ipv4/fib_trie.o
  CC      lib/string.o
  CC      lib/timerqueue.o
  CC      net/ipv6/xfrm6_protocol.o
  CC      lib/vsprintf.o
  CC      net/netfilter/nf_conntrack_standalone.o
  CC      net/ipv4/fib_notifier.o
  CC      net/ipv6/netfilter.o
  CC      net/netfilter/nf_conntrack_expect.o
  CC      lib/win_minmax.o
  CC      net/ipv4/inet_fragment.o
  GEN     lib/crc32table.h
  CC      lib/oid_registry.o
  CC      net/ipv6/fib6_rules.o
  AR      lib/lib.a
  CC      lib/crc32.o
  CC      net/netfilter/nf_conntrack_helper.o
  CC      net/ipv4/ping.o
  EXPORTS lib/lib-ksyms.o
  CC      net/ipv6/proc.o
  CC      net/netfilter/nf_conntrack_proto.o
  CC      net/ipv4/ip_tunnel_core.o
lib/nmi_backtrace.o: no symbols
  AR      lib/built-in.o
  CC      net/netlink/af_netlink.o
  CC      net/ipv6/esp6.o
  CC      net/netfilter/nf_conntrack_l3proto_generic.o
  CC      net/ipv4/gre_offload.o
  CC      net/ipv6/ipcomp6.o
  CC      net/netfilter/nf_conntrack_proto_generic.o
  CC      net/netlink/genetlink.o
  CC      net/ipv4/metrics.o
  CC      net/ipv6/xfrm6_tunnel.o
  CC      net/netfilter/nf_conntrack_proto_tcp.o
  AR      net/netlink/built-in.o
  CC      net/nfc/core.o
  CC      net/ipv4/udp_tunnel_stub.o
  CC      net/ipv6/tunnel6.o
  CC      net/nfc/netlink.o
  CC      net/netfilter/nf_conntrack_proto_udp.o
  CC      net/ipv4/ip_tunnel.o
  CC      net/ipv6/xfrm6_mode_transport.o
  CC      net/netfilter/nf_conntrack_extend.o
  CC      net/nfc/af_nfc.o
  CC      net/ipv4/sysctl_net_ipv4.o
  CC      net/ipv6/xfrm6_mode_tunnel.o
  CC      net/nfc/rawsock.o
  CC      net/netfilter/nf_conntrack_acct.o
  CC      net/ipv4/proc.o
  CC      net/ipv6/xfrm6_mode_beet.o
  CC      net/nfc/llcp_core.o
  CC      net/netfilter/nf_conntrack_seqadj.o
  CC      net/ipv4/fib_rules.o
  CC      net/ipv6/mip6.o
  CC      net/nfc/llcp_commands.o
  CC      net/netfilter/nf_conntrack_ecache.o
  CC      net/ipv4/gre_demux.o
  CC      net/ipv6/netfilter/ip6_tables.o
  CC      net/nfc/llcp_sock.o
  CC      net/netfilter/nf_conntrack_proto_dccp.o
  CC      net/ipv4/udp_tunnel_core.o
  AR      net/nfc/nfc.o
  AR      net/nfc/built-in.o
  CC      net/ipv6/netfilter/ip6table_filter.o
  CC      net/netfilter/nf_conntrack_proto_sctp.o
  CC      net/ipv6/ip6_vti.o
  CC      net/ipv4/udp_tunnel_nic.o
  CC      net/ipv6/netfilter/ip6table_mangle.o
  CC      net/netfilter/nf_conntrack_proto_gre.o
  CC      net/packet/af_packet.o
  CC      net/ipv4/ip_vti.o
  CC      net/ipv6/netfilter/ip6table_raw.o
  CC      net/netfilter/nf_conntrack_netlink.o
  CC      net/ipv4/esp4.o
  CC      net/ipv6/netfilter/nf_conntrack_l3proto_ipv6.o
  AR      net/packet/built-in.o
  CC      net/sched/sch_generic.o
  CC      net/netfilter/nf_conntrack_amanda.o
  CC      net/ipv4/xfrm4_mode_beet.o
  CC      net/ipv6/netfilter/nf_conntrack_proto_icmpv6.o
  CC      net/sched/sch_mq.o
  CC      net/netfilter/nf_conntrack_ftp.o
  CC      net/ipv4/tunnel4.o
  CC      net/sched/sch_api.o
  CC      net/ipv6/netfilter/nf_defrag_ipv6_hooks.o
  CC      net/ipv4/xfrm4_mode_transport.o
  CC      net/netfilter/nf_conntrack_h323_main.o
  CC      net/ipv6/netfilter/nf_conntrack_reasm.o
  CC      net/sched/sch_blackhole.o
  CC      net/ipv4/xfrm4_mode_tunnel.o
  CC      net/netfilter/nf_conntrack_h323_asn1.o
  CC      net/ipv6/netfilter/nf_socket_ipv6.o
  CC      net/netfilter/nf_conntrack_irc.o
  CC      net/sched/cls_api.o
  CC      net/ipv4/netfilter.o
  CC      net/ipv6/netfilter/nf_reject_ipv6.o
  CC      net/sched/act_api.o
  CC      net/netfilter/nf_conntrack_broadcast.o
  CC      net/ipv4/netfilter/nf_conntrack_l3proto_ipv4.o
  CC      net/netfilter/nf_conntrack_netbios_ns.o
  CC      net/ipv6/netfilter/ip6t_rpfilter.o
  CC      net/sched/act_police.o
  CC      net/ipv4/netfilter/nf_conntrack_proto_icmp.o
  CC      net/sched/act_bpf.o
  CC      net/ipv6/netfilter/ip6t_REJECT.o
  CC      net/netfilter/nf_conntrack_pptp.o
  CC      net/ipv4/netfilter/nf_nat_l3proto_ipv4.o
  CC      net/sched/sch_fifo.o
  CC      net/netfilter/nf_conntrack_sane.o
  AR      net/ipv6/netfilter/nf_conntrack_ipv6.o
  AR      net/ipv6/netfilter/nf_defrag_ipv6.o
  AR      net/ipv6/netfilter/built-in.o
  CC      net/ipv6/sit.o
  CC      net/ipv4/netfilter/nf_nat_proto_icmp.o
  CC      net/sched/sch_htb.o
  CC      net/netfilter/nf_conntrack_tftp.o
  CC      net/ipv6/ip6_tunnel.o
  CC      net/ipv4/netfilter/nf_defrag_ipv4.o
  CC      net/sched/sch_ingress.o
  CC      net/netfilter/nf_nat_core.o
  CC      net/ipv4/netfilter/nf_socket_ipv4.o
  CC      net/sched/cls_u32.o
  CC      net/ipv6/addrconf_core.o
  CC      net/netfilter/nf_nat_proto_unknown.o
  CC      net/sched/cls_bpf.o
  CC      net/ipv4/netfilter/nf_reject_ipv4.o
  CC      net/ipv6/exthdrs_core.o
  CC      net/netfilter/nf_nat_proto_common.o
  CC      net/sched/cls_matchall.o
  CC      net/ipv6/ip6_checksum.o
  CC      net/ipv4/netfilter/nf_nat_h323.o
  CC      net/netfilter/nf_nat_proto_udp.o
  CC      net/sched/ematch.o
  CC      net/ipv6/ip6_icmp.o
  CC      net/ipv4/netfilter/nf_nat_pptp.o
  CC      net/netfilter/nf_nat_proto_tcp.o
  CC      net/sched/em_u32.o
  CC      net/ipv6/output_core.o
  CC      net/ipv4/netfilter/nf_nat_masquerade_ipv4.o
  CC      net/netfilter/nf_nat_helper.o
  AR      net/sched/built-in.o
  CC      net/unix/af_unix.o
  CC      net/ipv6/protocol.o
  CC      net/ipv4/netfilter/nf_nat_proto_gre.o
  CC      net/netfilter/nf_nat_proto_dccp.o
  CC      net/unix/garbage.o
  CC      net/ipv6/ip6_offload.o
  CC      net/ipv4/netfilter/ip_tables.o
  CC      net/netfilter/nf_nat_proto_sctp.o
  CC      net/unix/sysctl_net_unix.o
  CC      net/ipv6/tcpv6_offload.o
  CC      net/netfilter/nf_nat_redirect.o
  CC      net/unix/scm.o
  CC      net/ipv4/netfilter/iptable_filter.o
  CC      net/ipv6/exthdrs_offload.o
  CC      net/netfilter/nf_nat_amanda.o
  AR      net/unix/unix.o
  AR      net/unix/built-in.o
  CC      net/ipv4/netfilter/iptable_mangle.o
  CC      net/netfilter/nf_nat_ftp.o
  CC      net/ipv6/inet6_hashtables.o
  CC      net/ipv4/netfilter/iptable_nat.o
  CC      net/wireguard/main.o
  CC      net/netfilter/nf_nat_irc.o
  CC      net/ipv6/ip6_udp_tunnel.o
  CC      net/ipv4/netfilter/iptable_raw.o
  CC      net/wireguard/noise.o
  CC      net/netfilter/nf_nat_tftp.o
  CC      net/ipv6/mcast_snoop.o
  CC      net/ipv4/netfilter/iptable_security.o
  CC      net/netfilter/x_tables.o
  CC      net/wireguard/device.o
  AR      net/ipv6/ipv6.o
  AR      net/ipv6/built-in.o
  CC      net/ipv4/inet_diag.o
  CC      net/ipv4/netfilter/ipt_MASQUERADE.o
  CC      net/netfilter/xt_tcpudp.o
  CC      net/wireguard/peer.o
  CC      net/wireless/core.o
  CC      net/ipv4/netfilter/ipt_REJECT.o
  CC      net/netfilter/xt_mark.o
  CC      net/wireguard/timers.o
  CC      net/ipv4/netfilter/arp_tables.o
  CC      net/netfilter/xt_connmark.o
  CC      net/wireless/sysfs.o
  CC      net/wireguard/queueing.o
  CC      net/ipv4/netfilter/arpt_mangle.o
  CC      net/netfilter/xt_nat.o
  CC      net/wireguard/send.o
  CC      net/wireless/radiotap.o
  CC      net/ipv4/netfilter/arptable_filter.o
  CC      net/netfilter/xt_CLASSIFY.o
  CC      net/wireguard/receive.o
  CC      net/wireless/util.o
  AR      net/ipv4/netfilter/nf_conntrack_ipv4.o
  AR      net/ipv4/netfilter/nf_nat_ipv4.o
  AR      net/ipv4/netfilter/built-in.o
  CC      net/ipv4/tcp_diag.o
  CC      net/netfilter/xt_CONNSECMARK.o
  CC      net/wireguard/socket.o
  CC      net/ipv4/udp_diag.o
  CC      net/netfilter/xt_CT.o
  CC      net/wireless/reg.o
  CC      net/wireguard/peerlookup.o
  CC      net/ipv4/tcp_bic.o
  CC      net/netfilter/xt_HL.o
  CC      net/wireguard/allowedips.o
  CC      net/ipv4/tcp_cubic.o
  CC      net/netfilter/xt_NETMAP.o
  CC      net/wireless/scan.o
  CC      net/wireguard/ratelimiter.o
  CC      net/ipv4/tcp_westwood.o
  CC      net/netfilter/xt_NFLOG.o
  CC      net/wireguard/cookie.o
  CC      net/netfilter/xt_NFQUEUE.o
  CC      net/ipv4/tcp_htcp.o
  CC      net/wireless/nl80211.o
  CC      net/netfilter/xt_REDIRECT.o
  CC      net/wireguard/netlink.o
  CC      net/ipv4/xfrm4_policy.o
  CC      net/netfilter/xt_SECMARK.o
  CC      net/ipv4/xfrm4_state.o
  CC      net/wireguard/crypto/zinc/chacha20/chacha20.o
  CC      net/netfilter/xt_TPROXY.o
  CC      net/ipv4/xfrm4_input.o
  PERLASM net/wireguard/crypto/zinc/chacha20/chacha20-arm64.S
  CC      net/wireguard/crypto/zinc/poly1305/poly1305.o
  CC      net/wireless/mlme.o
  CC      net/netfilter/xt_TCPMSS.o
  CC      net/ipv4/xfrm4_output.o
  PERLASM net/wireguard/crypto/zinc/poly1305/poly1305-arm64.S
  CC      net/wireguard/crypto/zinc/chacha20poly1305.o
  CC      net/netfilter/xt_TRACE.o
  CC      net/ipv4/xfrm4_protocol.o
  CC      net/wireless/ibss.o
  CC      net/wireguard/crypto/zinc/blake2s/blake2s.o
  CC      net/netfilter/xt_IDLETIMER.o
  CC      net/ipv4/bpf_tcp_ca.o
  CC      net/wireguard/crypto/zinc/curve25519/curve25519.o
  CC      net/netfilter/xt_bpf.o
  CC      net/wireless/sme.o
  AR      net/ipv4/gre.o
  AR      net/ipv4/udp_tunnel.o
  AR      net/ipv4/built-in.o
  CC      net/netfilter/xt_comment.o
  AS      net/wireguard/crypto/zinc/chacha20/chacha20-arm64.o
  CC      net/wireless/chan.o
  CC      net/netfilter/xt_connlimit.o
  CC      net/xfrm/xfrm_policy.o
  AS      net/wireguard/crypto/zinc/poly1305/poly1305-arm64.o
  AR      net/wireguard/wireguard.o
  AR      net/wireguard/built-in.o
  CC      net/netfilter/xt_conntrack.o
  CC      net/wireless/ethtool.o
  CC      net/xfrm/xfrm_state.o
  CC      net/netfilter/xt_ecn.o
  CC      net/compat.o
  CC      net/netfilter/xt_esp.o
  CC      net/xfrm/xfrm_hash.o
  CC      net/wireless/mesh.o
  CC      net/xfrm/xfrm_input.o
  CC      net/sysctl_net.o
  CC      net/netfilter/xt_hashlimit.o
  CC      net/wireless/ap.o
  CC      net/xfrm/xfrm_output.o
  CC      net/netfilter/xt_helper.o
  CC      net/wireless/trace.o
  CC      net/xfrm/xfrm_sysctl.o
  CC      net/netfilter/xt_hl.o
  CC      net/wireless/ocb.o
  CC      net/xfrm/xfrm_replay.o
  CC      net/netfilter/xt_iprange.o
  CC      net/netfilter/xt_l2tp.o
  CC      net/xfrm/xfrm_device.o
  CC      net/wireless/of.o
  CC      net/netfilter/xt_length.o
  CC      net/wireless/wext-core.o
  CC      net/xfrm/xfrm_proc.o
  CC      net/netfilter/xt_limit.o
  CC      net/wireless/wext-proc.o
  CC      net/xfrm/xfrm_algo.o
  CC      net/netfilter/xt_mac.o
  CC      net/wireless/wext-priv.o
  CC      net/netfilter/xt_owner.o
  CC      net/xfrm/xfrm_user.o
  CC      net/xfrm/xfrm_ipcomp.o
  AR      net/wireless/cfg80211.o
  AR      net/wireless/built-in.o
  CC      net/netfilter/xt_pkttype.o
  CC      net/xfrm/xfrm_interface.o
  CC      net/netfilter/xt_policy.o
  CC      net/netfilter/xt_quota.o
  CC      net/netfilter/xt_quota2.o
  AR      net/xfrm/built-in.o
  CC      net/netfilter/xt_socket.o
  CC      net/netfilter/xt_state.o
  CC      net/netfilter/xt_statistic.o
  CC      net/netfilter/xt_string.o
  CC      net/netfilter/xt_time.o
  CC      net/netfilter/xt_u32.o
  AR      net/netfilter/netfilter.o
  AR      net/netfilter/nf_conntrack.o
  AR      net/netfilter/nf_conntrack_h323.o
  AR      net/netfilter/nf_nat.o
  AR      net/netfilter/built-in.o
  AR      net/built-in.o
make[1]: Leaving directory '/home/runner/work/kernel_xiaomi_mt6785/kernel_xiaomi_mt6785/out-ksu'
make: *** [Makefile:153: sub-make] Error 2
